{
  "status": "RAW_RESPONSE_DEVELOPMENT_ADEQUATE_PENDING_REVIEW",
  "partitions": {
    "development_fit": {
      "start": "2020-02-17",
      "end": "2020-04-01",
      "row_path": "evidence\\v2\\raw-response-support\\development_fit_rows.json",
      "rows_sha256": "8ef760ebf72c86ce0f3528a0709e15c2ea2e577c1d32bb7d63fa6a46fe34339d",
      "minimum_target_days": 20,
      "minimum_assessment_blocks_per_horizon": null,
      "adequate_all_horizons": true,
      "issue_exclusions": {
        "partition_boundary": 24,
        "past_last_hour_valid_pings": 262,
        "past_context_valid_pings": 17
      },
      "horizons": {
        "1": {
          "issued_rows": 753,
          "eligible_rows": 635,
          "target_days": 42,
          "cutoff_days": 42,
          "populated_48h_blocks": 22,
          "score_exclusions": {
            "missing_target": 38,
            "insufficient_valid_pings": 80
          },
          "target_days_list": [
            "2020-02-18",
            "2020-02-19",
            "2020-02-20",
            "2020-02-21",
            "2020-02-22",
            "2020-02-23",
            "2020-02-24",
            "2020-02-25",
            "2020-02-26",
            "2020-02-27",
            "2020-02-29",
            "2020-03-01",
            "2020-03-02",
            "2020-03-03",
            "2020-03-04",
            "2020-03-05",
            "2020-03-06",
            "2020-03-07",
            "2020-03-08",
            "2020-03-09",
            "2020-03-10",
            "2020-03-11",
            "2020-03-12",
            "2020-03-13",
            "2020-03-14",
            "2020-03-15",
            "2020-03-16",
            "2020-03-17",
            "2020-03-18",
            "2020-03-19",
            "2020-03-20",
            "2020-03-21",
            "2020-03-22",
            "2020-03-23",
            "2020-03-24",
            "2020-03-25",
            "2020-03-26",
            "2020-03-27",
            "2020-03-28",
            "2020-03-29",
            "2020-03-30",
            "2020-03-31"
          ]
        },
        "3": {
          "issued_rows": 753,
          "eligible_rows": 515,
          "target_days": 42,
          "cutoff_days": 42,
          "populated_48h_blocks": 22,
          "score_exclusions": {
            "missing_target": 42,
            "insufficient_valid_pings": 194,
            "partition_boundary": 2
          },
          "target_days_list": [
            "2020-02-18",
            "2020-02-19",
            "2020-02-20",
            "2020-02-21",
            "2020-02-22",
            "2020-02-23",
            "2020-02-24",
            "2020-02-25",
            "2020-02-26",
            "2020-02-27",
            "2020-02-29",
            "2020-03-01",
            "2020-03-02",
            "2020-03-03",
            "2020-03-04",
            "2020-03-05",
            "2020-03-06",
            "2020-03-07",
            "2020-03-08",
            "2020-03-09",
            "2020-03-10",
            "2020-03-11",
            "2020-03-12",
            "2020-03-13",
            "2020-03-14",
            "2020-03-15",
            "2020-03-16",
            "2020-03-17",
            "2020-03-18",
            "2020-03-19",
            "2020-03-20",
            "2020-03-21",
            "2020-03-22",
            "2020-03-23",
            "2020-03-24",
            "2020-03-25",
            "2020-03-26",
            "2020-03-27",
            "2020-03-28",
            "2020-03-29",
            "2020-03-30",
            "2020-03-31"
          ]
        },
        "6": {
          "issued_rows": 753,
          "eligible_rows": 509,
          "target_days": 42,
          "cutoff_days": 42,
          "populated_48h_blocks": 22,
          "score_exclusions": {
            "missing_target": 45,
            "insufficient_valid_pings": 194,
            "partition_boundary": 5
          },
          "target_days_list": [
            "2020-02-18",
            "2020-02-19",
            "2020-02-20",
            "2020-02-21",
            "2020-02-22",
            "2020-02-23",
            "2020-02-24",
            "2020-02-25",
            "2020-02-26",
            "2020-02-27",
            "2020-02-29",
            "2020-03-01",
            "2020-03-02",
            "2020-03-03",
            "2020-03-04",
            "2020-03-05",
            "2020-03-06",
            "2020-03-07",
            "2020-03-08",
            "2020-03-09",
            "2020-03-10",
            "2020-03-11",
            "2020-03-12",
            "2020-03-13",
            "2020-03-14",
            "2020-03-15",
            "2020-03-16",
            "2020-03-17",
            "2020-03-18",
            "2020-03-19",
            "2020-03-20",
            "2020-03-21",
            "2020-03-22",
            "2020-03-23",
            "2020-03-24",
            "2020-03-25",
            "2020-03-26",
            "2020-03-27",
            "2020-03-28",
            "2020-03-29",
            "2020-03-30",
            "2020-03-31"
          ]
        }
      },
      "hourly_observed_pings": 197399,
      "hourly_valid_target_pings": 197399,
      "zero_affected_pings": 0,
      "zero_affected_hours": 0,
      "zero_samples": 0,
      "nonfinite_pings": 0,
      "nonfinite_hours": 0,
      "nonfinite_samples": 0,
      "missing_scheduled_pings": 56047,
      "excess_observed_pings": 6
    },
    "development_assessment": {
      "start": "2020-04-01",
      "end": "2020-04-15",
      "row_path": "evidence\\v2\\raw-response-support\\development_assessment_rows.json",
      "rows_sha256": "99f9b9d8b0307516e9e75fbe12d4b228738ef022c2fb5eede757c5c2e3f5077b",
      "minimum_target_days": 5,
      "minimum_assessment_blocks_per_horizon": 5,
      "adequate_all_horizons": true,
      "issue_exclusions": {
        "partition_boundary": 24,
        "past_last_hour_valid_pings": 83,
        "past_context_valid_pings": 17
      },
      "horizons": {
        "1": {
          "issued_rows": 212,
          "eligible_rows": 176,
          "target_days": 13,
          "cutoff_days": 13,
          "populated_48h_blocks": 7,
          "score_exclusions": {
            "missing_target": 35,
            "insufficient_valid_pings": 1
          },
          "target_days_list": [
            "2020-04-02",
            "2020-04-03",
            "2020-04-04",
            "2020-04-05",
            "2020-04-06",
            "2020-04-07",
            "2020-04-08",
            "2020-04-09",
            "2020-04-10",
            "2020-04-11",
            "2020-04-12",
            "2020-04-13",
            "2020-04-14"
          ]
        },
        "3": {
          "issued_rows": 212,
          "eligible_rows": 140,
          "target_days": 13,
          "cutoff_days": 13,
          "populated_48h_blocks": 7,
          "score_exclusions": {
            "missing_target": 35,
            "insufficient_valid_pings": 35,
            "partition_boundary": 2
          },
          "target_days_list": [
            "2020-04-02",
            "2020-04-03",
            "2020-04-04",
            "2020-04-05",
            "2020-04-06",
            "2020-04-07",
            "2020-04-08",
            "2020-04-09",
            "2020-04-10",
            "2020-04-11",
            "2020-04-12",
            "2020-04-13",
            "2020-04-14"
          ]
        },
        "6": {
          "issued_rows": 212,
          "eligible_rows": 135,
          "target_days": 13,
          "cutoff_days": 13,
          "populated_48h_blocks": 7,
          "score_exclusions": {
            "missing_target": 38,
            "insufficient_valid_pings": 34,
            "partition_boundary": 5
          },
          "target_days_list": [
            "2020-04-02",
            "2020-04-03",
            "2020-04-04",
            "2020-04-05",
            "2020-04-06",
            "2020-04-07",
            "2020-04-08",
            "2020-04-09",
            "2020-04-10",
            "2020-04-11",
            "2020-04-12",
            "2020-04-13",
            "2020-04-14"
          ]
        }
      },
      "hourly_observed_pings": 61684,
      "hourly_valid_target_pings": 61684,
      "zero_affected_pings": 0,
      "zero_affected_hours": 0,
      "zero_samples": 0,
      "nonfinite_pings": 0,
      "nonfinite_hours": 0,
      "nonfinite_samples": 0,
      "missing_scheduled_pings": 18956,
      "excess_observed_pings": 0
    }
  }
}
