{
  "development_fit": {
    "1": {
      "issued_rows": 656,
      "index_eligible_rows": 0,
      "fraction_eligible_rows": 550,
      "unique_index_days": 0,
      "fixed_48h_blocks": 0,
      "score_exclusions": {
        "below_detection_fraction_floor": 542,
        "insufficient_acquisition": 106,
        "zero_detection": 8
      },
      "detected_fraction_quantiles_0_25_50_75_100": [
        0.0,
        0.0012037037037037038,
        0.005462962962962963,
        0.015555555555555555,
        0.08888888888888889
      ],
      "scheduled_coverage_quantiles_0_25_50_75_100": [
        0.0,
        1.0,
        1.0,
        1.0,
        1.0041666666666667
      ],
      "index_days": []
    },
    "3": {
      "issued_rows": 656,
      "index_eligible_rows": 0,
      "fraction_eligible_rows": 448,
      "unique_index_days": 0,
      "fixed_48h_blocks": 0,
      "score_exclusions": {
        "below_detection_fraction_floor": 434,
        "insufficient_acquisition": 208,
        "zero_detection": 14
      },
      "detected_fraction_quantiles_0_25_50_75_100": [
        0.0,
        0.000925925925925926,
        0.005229127432517263,
        0.016144200626959246,
        0.08888888888888889
      ],
      "scheduled_coverage_quantiles_0_25_50_75_100": [
        0.0,
        0.24166666666666667,
        1.0,
        1.0,
        1.0041666666666667
      ],
      "index_days": []
    },
    "6": {
      "issued_rows": 656,
      "index_eligible_rows": 0,
      "fraction_eligible_rows": 455,
      "unique_index_days": 0,
      "fixed_48h_blocks": 0,
      "score_exclusions": {
        "below_detection_fraction_floor": 430,
        "insufficient_acquisition": 201,
        "zero_detection": 25
      },
      "detected_fraction_quantiles_0_25_50_75_100": [
        0.0,
        0.0010610812425328555,
        0.005125661375661375,
        0.01513888888888889,
        0.08888888888888889
      ],
      "scheduled_coverage_quantiles_0_25_50_75_100": [
        0.0,
        0.24166666666666667,
        1.0,
        1.0,
        1.0041666666666667
      ],
      "index_days": []
    }
  },
  "development_assessment": {
    "1": {
      "issued_rows": 67,
      "index_eligible_rows": 0,
      "fraction_eligible_rows": 54,
      "unique_index_days": 0,
      "fixed_48h_blocks": 0,
      "score_exclusions": {
        "insufficient_acquisition": 13,
        "below_detection_fraction_floor": 48,
        "zero_detection": 6
      },
      "detected_fraction_quantiles_0_25_50_75_100": [
        0.0,
        0.0002777777777777778,
        0.0007407407407407407,
        0.0014814814814814814,
        0.004074074074074074
      ],
      "scheduled_coverage_quantiles_0_25_50_75_100": [
        0.0,
        0.9895833333333334,
        1.0,
        1.0,
        1.0
      ],
      "index_days": []
    },
    "3": {
      "issued_rows": 67,
      "index_eligible_rows": 0,
      "fraction_eligible_rows": 46,
      "unique_index_days": 0,
      "fixed_48h_blocks": 0,
      "score_exclusions": {
        "below_detection_fraction_floor": 37,
        "insufficient_acquisition": 21,
        "zero_detection": 9
      },
      "detected_fraction_quantiles_0_25_50_75_100": [
        0.0,
        9.259259259259259e-05,
        0.00046882325363338024,
        0.0016666666666666668,
        0.004074074074074074
      ],
      "scheduled_coverage_quantiles_0_25_50_75_100": [
        0.0,
        0.2625,
        1.0,
        1.0,
        1.0
      ],
      "index_days": []
    },
    "6": {
      "issued_rows": 67,
      "index_eligible_rows": 0,
      "fraction_eligible_rows": 46,
      "unique_index_days": 0,
      "fixed_48h_blocks": 0,
      "score_exclusions": {
        "below_detection_fraction_floor": 35,
        "insufficient_acquisition": 21,
        "zero_detection": 11
      },
      "detected_fraction_quantiles_0_25_50_75_100": [
        0.0,
        0.0,
        0.00041666666666666664,
        0.001388888888888889,
        0.003527336860670194
      ],
      "scheduled_coverage_quantiles_0_25_50_75_100": [
        0.0,
        0.2625,
        1.0,
        1.0,
        1.0
      ],
      "index_days": []
    }
  },
  "all_original_train": {
    "1": {
      "issued_rows": 969,
      "index_eligible_rows": 0,
      "fraction_eligible_rows": 778,
      "unique_index_days": 0,
      "fixed_48h_blocks": 0,
      "score_exclusions": {
        "below_detection_fraction_floor": 737,
        "insufficient_acquisition": 191,
        "zero_detection": 41
      },
      "detected_fraction_quantiles_0_25_50_75_100": [
        0.0,
        0.0005555555555555556,
        0.0025925925925925925,
        0.009907407407407408,
        0.08888888888888889
      ],
      "scheduled_coverage_quantiles_0_25_50_75_100": [
        0.0,
        0.9583333333333334,
        1.0,
        1.0,
        1.0041666666666667
      ],
      "index_days": []
    },
    "3": {
      "issued_rows": 969,
      "index_eligible_rows": 0,
      "fraction_eligible_rows": 658,
      "unique_index_days": 0,
      "fixed_48h_blocks": 0,
      "score_exclusions": {
        "below_detection_fraction_floor": 596,
        "insufficient_acquisition": 311,
        "zero_detection": 62
      },
      "detected_fraction_quantiles_0_25_50_75_100": [
        0.0,
        0.0003831417624521073,
        0.0023148148148148147,
        0.009907407407407408,
        0.08888888888888889
      ],
      "scheduled_coverage_quantiles_0_25_50_75_100": [
        0.0,
        0.2625,
        1.0,
        1.0,
        1.0041666666666667
      ],
      "index_days": []
    },
    "6": {
      "issued_rows": 969,
      "index_eligible_rows": 0,
      "fraction_eligible_rows": 650,
      "unique_index_days": 0,
      "fixed_48h_blocks": 0,
      "score_exclusions": {
        "below_detection_fraction_floor": 577,
        "insufficient_acquisition": 319,
        "zero_detection": 73
      },
      "detected_fraction_quantiles_0_25_50_75_100": [
        0.0,
        0.00037037037037037035,
        0.0024685039290117247,
        0.009189814814814814,
        0.08888888888888889
      ],
      "scheduled_coverage_quantiles_0_25_50_75_100": [
        0.0,
        0.2625,
        1.0,
        1.0,
        1.0041666666666667
      ],
      "index_days": []
    }
  }
}
