........................................................................ [ 31%]
........................................................................ [ 63%]
........................................................................ [ 95%]
....FFFFFF                                                               [100%]
================================== FAILURES ===================================
_ test_root_only_resume_weights_changes_frozen_identity_counts_and_forecast[13-frozen_readout] _

monkeypatch = <_pytest.monkeypatch.MonkeyPatch object at 0x000002659A406030>
mode = 'frozen_readout', seed = 13

    @pytest.mark.skipif(
        not ROOT_RUNNER_CHECKS,
        reason="NOT_RUN builder: prior optimizer cache denial; ROOT-only synthetic CPU fixture",
    )
    @pytest.mark.parametrize("mode", downstream.MODES)
    @pytest.mark.parametrize("seed", [13, 23])
    def test_root_only_resume_weights_changes_frozen_identity_counts_and_forecast(
        monkeypatch, mode, seed
    ):
        method = "direct" if mode == "direct_end_to_end" else "shared_ssl"
        fs, _p, cfg, _, inputs, dcfg, _, _train, dev = gate_fixture(
            monkeypatch, mode=mode, method=method, seed=seed
        )
        monkeypatch.setattr(core, "atomic_checkpoint", fs.checkpoint)
        original = core.cpu_state(
            downstream.prepare_model(dcfg, cfg, downstream._load_ancestor(inputs, cfg)).encoder
        )
    
        def run(output, resume=None, stop_after=None):
            return downstream.run(
                inputs,
                dcfg,
                output=output,
                device="cpu",
                correctness_smoke=True,
                smoke_core_config=cfg,
                resume=resume,
                stop_after=stop_after,
            )
    
        whole, resumed = fs.base / "whole-downstream", fs.base / "resumed-downstream"
        report = run(whole)
        run(resumed, stop_after=1)
        run(resumed, resume=resumed / "latest.pt")
        a, b = (torch.load(folder / "latest.pt", weights_only=True) for folder in (whole, resumed))
        assert a["kind"] == b["kind"] == "native_band_replication_downstream_resume_v2"
        assert a["state"]["sequence"] == b["state"]["sequence"]
        for key in a["model"]:
            assert torch.equal(a["model"][key], b["model"][key])
        changed = any(not torch.equal(v, a["model"]["encoder." + k]) for k, v in original.items())
        assert changed == (mode != "frozen_readout")
        if mode == "frozen_readout":
            assert fs.files[whole / "selected_encoder.pt"] == fs.files[inputs.encoder]
        else:
            encoder = torch.load(whole / "selected_encoder.pt", weights_only=True)
            assert encoder["kind"] == "native_band_replication_downstream_supervised_encoder_v2"
            assert encoder["supervised_ancestry"]["ssl_only"] is False
        assert report["optimizer_steps_total"] == report["supervised_updates"] == 4
        assert report["sample_presentations"] == 16
        assert report["label_observations_processed"] == 48
>       infer = downstream.load_inference(whole / "inference.pt")
                ^^^^^^^^^^^^^^^^^^^^^^^^^^^^^^^^^^^^^^^^^^^^^^^^^

tests\integration\test_native_band_replication_downstream.py:215: 
_ _ _ _ _ _ _ _ _ _ _ _ _ _ _ _ _ _ _ _ _ _ _ _ _ _ _ _ _ _ _ _ _ _ _ _ _ _ _ _
src\marine_echo\training\native_band_replication_downstream.py:987: in load_inference
    return Inference(torch.load(path, map_location="cpu", weights_only=True), device)
           ^^^^^^^^^^^^^^^^^^^^^^^^^^^^^^^^^^^^^^^^^^^^^^^^^^^^^^^^^^^^^^^^^^^^^^^^^^
src\marine_echo\training\native_band_replication_downstream.py:983: in __init__
    self._initialize(artifact, device)
src\marine_echo\inference\native_band_replication_acoustic.py:245: in _initialize
    _base(self, artifact, device)
_ _ _ _ _ _ _ _ _ _ _ _ _ _ _ _ _ _ _ _ _ _ _ _ _ _ _ _ _ _ _ _ _ _ _ _ _ _ _ _

instance = <marine_echo.training.native_band_replication_downstream.Inference object at 0x000002659A38A210>
artifact = {'kind': 'native_band_replication_ssl_weights_only_inference_v2', 'architecture': 'nonlinear_frequency_conditioned_v1'... 0.0252, -0.2727, -0.0235,
         0.1516, -0.2681, -0.2154,  0.2580, -0.1159, -0.1863, -0.0316, -0.2788]), ...}, ...}
device = 'cpu'

    def _base(instance, artifact, device):
        if not isinstance(artifact, Mapping):
            raise TypeError("Expected a safe band artifact mapping.")
        allowed = {
            "kind",
            "architecture",
            "config",
            "scalers",
            "bindings",
            "encoder",
            "model",
            "evidence_kind",
            "correctness_smoke",
            "selected_pretrain_step",
            "downstream_config",
            "supervised_ancestry",
        }
        if not set(artifact).issubset(allowed):
>           raise ValueError("Unknown or unsafe fields in replication inference artifact.")
E           ValueError: Unknown or unsafe fields in replication inference artifact.

src\marine_echo\inference\native_band_replication_acoustic.py:124: ValueError
_ test_root_only_resume_weights_changes_frozen_identity_counts_and_forecast[13-full_finetune] _

monkeypatch = <_pytest.monkeypatch.MonkeyPatch object at 0x000002659A405F40>
mode = 'full_finetune', seed = 13

    @pytest.mark.skipif(
        not ROOT_RUNNER_CHECKS,
        reason="NOT_RUN builder: prior optimizer cache denial; ROOT-only synthetic CPU fixture",
    )
    @pytest.mark.parametrize("mode", downstream.MODES)
    @pytest.mark.parametrize("seed", [13, 23])
    def test_root_only_resume_weights_changes_frozen_identity_counts_and_forecast(
        monkeypatch, mode, seed
    ):
        method = "direct" if mode == "direct_end_to_end" else "shared_ssl"
        fs, _p, cfg, _, inputs, dcfg, _, _train, dev = gate_fixture(
            monkeypatch, mode=mode, method=method, seed=seed
        )
        monkeypatch.setattr(core, "atomic_checkpoint", fs.checkpoint)
        original = core.cpu_state(
            downstream.prepare_model(dcfg, cfg, downstream._load_ancestor(inputs, cfg)).encoder
        )
    
        def run(output, resume=None, stop_after=None):
            return downstream.run(
                inputs,
                dcfg,
                output=output,
                device="cpu",
                correctness_smoke=True,
                smoke_core_config=cfg,
                resume=resume,
                stop_after=stop_after,
            )
    
        whole, resumed = fs.base / "whole-downstream", fs.base / "resumed-downstream"
        report = run(whole)
        run(resumed, stop_after=1)
        run(resumed, resume=resumed / "latest.pt")
        a, b = (torch.load(folder / "latest.pt", weights_only=True) for folder in (whole, resumed))
        assert a["kind"] == b["kind"] == "native_band_replication_downstream_resume_v2"
        assert a["state"]["sequence"] == b["state"]["sequence"]
        for key in a["model"]:
            assert torch.equal(a["model"][key], b["model"][key])
        changed = any(not torch.equal(v, a["model"]["encoder." + k]) for k, v in original.items())
        assert changed == (mode != "frozen_readout")
        if mode == "frozen_readout":
            assert fs.files[whole / "selected_encoder.pt"] == fs.files[inputs.encoder]
        else:
            encoder = torch.load(whole / "selected_encoder.pt", weights_only=True)
            assert encoder["kind"] == "native_band_replication_downstream_supervised_encoder_v2"
            assert encoder["supervised_ancestry"]["ssl_only"] is False
        assert report["optimizer_steps_total"] == report["supervised_updates"] == 4
        assert report["sample_presentations"] == 16
        assert report["label_observations_processed"] == 48
>       infer = downstream.load_inference(whole / "inference.pt")
                ^^^^^^^^^^^^^^^^^^^^^^^^^^^^^^^^^^^^^^^^^^^^^^^^^

tests\integration\test_native_band_replication_downstream.py:215: 
_ _ _ _ _ _ _ _ _ _ _ _ _ _ _ _ _ _ _ _ _ _ _ _ _ _ _ _ _ _ _ _ _ _ _ _ _ _ _ _
src\marine_echo\training\native_band_replication_downstream.py:987: in load_inference
    return Inference(torch.load(path, map_location="cpu", weights_only=True), device)
           ^^^^^^^^^^^^^^^^^^^^^^^^^^^^^^^^^^^^^^^^^^^^^^^^^^^^^^^^^^^^^^^^^^^^^^^^^^
src\marine_echo\training\native_band_replication_downstream.py:983: in __init__
    self._initialize(artifact, device)
src\marine_echo\inference\native_band_replication_acoustic.py:245: in _initialize
    _base(self, artifact, device)
_ _ _ _ _ _ _ _ _ _ _ _ _ _ _ _ _ _ _ _ _ _ _ _ _ _ _ _ _ _ _ _ _ _ _ _ _ _ _ _

instance = <marine_echo.training.native_band_replication_downstream.Inference object at 0x0000026594D47EC0>
artifact = {'kind': 'native_band_replication_ssl_weights_only_inference_v2', 'architecture': 'nonlinear_frequency_conditioned_v1'... 0.0260, -0.2734, -0.0242,
         0.1507, -0.2690, -0.2162,  0.2588, -0.1165, -0.1855, -0.0308, -0.2797]), ...}, ...}
device = 'cpu'

    def _base(instance, artifact, device):
        if not isinstance(artifact, Mapping):
            raise TypeError("Expected a safe band artifact mapping.")
        allowed = {
            "kind",
            "architecture",
            "config",
            "scalers",
            "bindings",
            "encoder",
            "model",
            "evidence_kind",
            "correctness_smoke",
            "selected_pretrain_step",
            "downstream_config",
            "supervised_ancestry",
        }
        if not set(artifact).issubset(allowed):
>           raise ValueError("Unknown or unsafe fields in replication inference artifact.")
E           ValueError: Unknown or unsafe fields in replication inference artifact.

src\marine_echo\inference\native_band_replication_acoustic.py:124: ValueError
_ test_root_only_resume_weights_changes_frozen_identity_counts_and_forecast[13-direct_end_to_end] _

monkeypatch = <_pytest.monkeypatch.MonkeyPatch object at 0x000002659A389850>
mode = 'direct_end_to_end', seed = 13

    @pytest.mark.skipif(
        not ROOT_RUNNER_CHECKS,
        reason="NOT_RUN builder: prior optimizer cache denial; ROOT-only synthetic CPU fixture",
    )
    @pytest.mark.parametrize("mode", downstream.MODES)
    @pytest.mark.parametrize("seed", [13, 23])
    def test_root_only_resume_weights_changes_frozen_identity_counts_and_forecast(
        monkeypatch, mode, seed
    ):
        method = "direct" if mode == "direct_end_to_end" else "shared_ssl"
        fs, _p, cfg, _, inputs, dcfg, _, _train, dev = gate_fixture(
            monkeypatch, mode=mode, method=method, seed=seed
        )
        monkeypatch.setattr(core, "atomic_checkpoint", fs.checkpoint)
        original = core.cpu_state(
            downstream.prepare_model(dcfg, cfg, downstream._load_ancestor(inputs, cfg)).encoder
        )
    
        def run(output, resume=None, stop_after=None):
            return downstream.run(
                inputs,
                dcfg,
                output=output,
                device="cpu",
                correctness_smoke=True,
                smoke_core_config=cfg,
                resume=resume,
                stop_after=stop_after,
            )
    
        whole, resumed = fs.base / "whole-downstream", fs.base / "resumed-downstream"
        report = run(whole)
        run(resumed, stop_after=1)
        run(resumed, resume=resumed / "latest.pt")
        a, b = (torch.load(folder / "latest.pt", weights_only=True) for folder in (whole, resumed))
        assert a["kind"] == b["kind"] == "native_band_replication_downstream_resume_v2"
        assert a["state"]["sequence"] == b["state"]["sequence"]
        for key in a["model"]:
            assert torch.equal(a["model"][key], b["model"][key])
        changed = any(not torch.equal(v, a["model"]["encoder." + k]) for k, v in original.items())
        assert changed == (mode != "frozen_readout")
        if mode == "frozen_readout":
            assert fs.files[whole / "selected_encoder.pt"] == fs.files[inputs.encoder]
        else:
            encoder = torch.load(whole / "selected_encoder.pt", weights_only=True)
            assert encoder["kind"] == "native_band_replication_downstream_supervised_encoder_v2"
            assert encoder["supervised_ancestry"]["ssl_only"] is False
        assert report["optimizer_steps_total"] == report["supervised_updates"] == 4
        assert report["sample_presentations"] == 16
        assert report["label_observations_processed"] == 48
>       infer = downstream.load_inference(whole / "inference.pt")
                ^^^^^^^^^^^^^^^^^^^^^^^^^^^^^^^^^^^^^^^^^^^^^^^^^

tests\integration\test_native_band_replication_downstream.py:215: 
_ _ _ _ _ _ _ _ _ _ _ _ _ _ _ _ _ _ _ _ _ _ _ _ _ _ _ _ _ _ _ _ _ _ _ _ _ _ _ _
src\marine_echo\training\native_band_replication_downstream.py:987: in load_inference
    return Inference(torch.load(path, map_location="cpu", weights_only=True), device)
           ^^^^^^^^^^^^^^^^^^^^^^^^^^^^^^^^^^^^^^^^^^^^^^^^^^^^^^^^^^^^^^^^^^^^^^^^^^
src\marine_echo\training\native_band_replication_downstream.py:983: in __init__
    self._initialize(artifact, device)
src\marine_echo\inference\native_band_replication_acoustic.py:245: in _initialize
    _base(self, artifact, device)
_ _ _ _ _ _ _ _ _ _ _ _ _ _ _ _ _ _ _ _ _ _ _ _ _ _ _ _ _ _ _ _ _ _ _ _ _ _ _ _

instance = <marine_echo.training.native_band_replication_downstream.Inference object at 0x00000265D915F3E0>
artifact = {'kind': 'native_band_replication_ssl_weights_only_inference_v2', 'architecture': 'nonlinear_frequency_conditioned_v1'... 0.0260, -0.2734, -0.0242,
         0.1507, -0.2690, -0.2162,  0.2588, -0.1165, -0.1855, -0.0308, -0.2797]), ...}, ...}
device = 'cpu'

    def _base(instance, artifact, device):
        if not isinstance(artifact, Mapping):
            raise TypeError("Expected a safe band artifact mapping.")
        allowed = {
            "kind",
            "architecture",
            "config",
            "scalers",
            "bindings",
            "encoder",
            "model",
            "evidence_kind",
            "correctness_smoke",
            "selected_pretrain_step",
            "downstream_config",
            "supervised_ancestry",
        }
        if not set(artifact).issubset(allowed):
>           raise ValueError("Unknown or unsafe fields in replication inference artifact.")
E           ValueError: Unknown or unsafe fields in replication inference artifact.

src\marine_echo\inference\native_band_replication_acoustic.py:124: ValueError
_ test_root_only_resume_weights_changes_frozen_identity_counts_and_forecast[23-frozen_readout] _

monkeypatch = <_pytest.monkeypatch.MonkeyPatch object at 0x000002659A49E4E0>
mode = 'frozen_readout', seed = 23

    @pytest.mark.skipif(
        not ROOT_RUNNER_CHECKS,
        reason="NOT_RUN builder: prior optimizer cache denial; ROOT-only synthetic CPU fixture",
    )
    @pytest.mark.parametrize("mode", downstream.MODES)
    @pytest.mark.parametrize("seed", [13, 23])
    def test_root_only_resume_weights_changes_frozen_identity_counts_and_forecast(
        monkeypatch, mode, seed
    ):
        method = "direct" if mode == "direct_end_to_end" else "shared_ssl"
        fs, _p, cfg, _, inputs, dcfg, _, _train, dev = gate_fixture(
            monkeypatch, mode=mode, method=method, seed=seed
        )
        monkeypatch.setattr(core, "atomic_checkpoint", fs.checkpoint)
        original = core.cpu_state(
            downstream.prepare_model(dcfg, cfg, downstream._load_ancestor(inputs, cfg)).encoder
        )
    
        def run(output, resume=None, stop_after=None):
            return downstream.run(
                inputs,
                dcfg,
                output=output,
                device="cpu",
                correctness_smoke=True,
                smoke_core_config=cfg,
                resume=resume,
                stop_after=stop_after,
            )
    
        whole, resumed = fs.base / "whole-downstream", fs.base / "resumed-downstream"
        report = run(whole)
        run(resumed, stop_after=1)
        run(resumed, resume=resumed / "latest.pt")
        a, b = (torch.load(folder / "latest.pt", weights_only=True) for folder in (whole, resumed))
        assert a["kind"] == b["kind"] == "native_band_replication_downstream_resume_v2"
        assert a["state"]["sequence"] == b["state"]["sequence"]
        for key in a["model"]:
            assert torch.equal(a["model"][key], b["model"][key])
        changed = any(not torch.equal(v, a["model"]["encoder." + k]) for k, v in original.items())
        assert changed == (mode != "frozen_readout")
        if mode == "frozen_readout":
            assert fs.files[whole / "selected_encoder.pt"] == fs.files[inputs.encoder]
        else:
            encoder = torch.load(whole / "selected_encoder.pt", weights_only=True)
            assert encoder["kind"] == "native_band_replication_downstream_supervised_encoder_v2"
            assert encoder["supervised_ancestry"]["ssl_only"] is False
        assert report["optimizer_steps_total"] == report["supervised_updates"] == 4
        assert report["sample_presentations"] == 16
        assert report["label_observations_processed"] == 48
>       infer = downstream.load_inference(whole / "inference.pt")
                ^^^^^^^^^^^^^^^^^^^^^^^^^^^^^^^^^^^^^^^^^^^^^^^^^

tests\integration\test_native_band_replication_downstream.py:215: 
_ _ _ _ _ _ _ _ _ _ _ _ _ _ _ _ _ _ _ _ _ _ _ _ _ _ _ _ _ _ _ _ _ _ _ _ _ _ _ _
src\marine_echo\training\native_band_replication_downstream.py:987: in load_inference
    return Inference(torch.load(path, map_location="cpu", weights_only=True), device)
           ^^^^^^^^^^^^^^^^^^^^^^^^^^^^^^^^^^^^^^^^^^^^^^^^^^^^^^^^^^^^^^^^^^^^^^^^^^
src\marine_echo\training\native_band_replication_downstream.py:983: in __init__
    self._initialize(artifact, device)
src\marine_echo\inference\native_band_replication_acoustic.py:245: in _initialize
    _base(self, artifact, device)
_ _ _ _ _ _ _ _ _ _ _ _ _ _ _ _ _ _ _ _ _ _ _ _ _ _ _ _ _ _ _ _ _ _ _ _ _ _ _ _

instance = <marine_echo.training.native_band_replication_downstream.Inference object at 0x0000026594CB3DA0>
artifact = {'kind': 'native_band_replication_ssl_weights_only_inference_v2', 'architecture': 'nonlinear_frequency_conditioned_v1'... 0.1515,  0.2078, -0.2707,
        -0.2320,  0.2212,  0.1333,  0.1366, -0.2157, -0.3134,  0.2079, -0.2079]), ...}, ...}
device = 'cpu'

    def _base(instance, artifact, device):
        if not isinstance(artifact, Mapping):
            raise TypeError("Expected a safe band artifact mapping.")
        allowed = {
            "kind",
            "architecture",
            "config",
            "scalers",
            "bindings",
            "encoder",
            "model",
            "evidence_kind",
            "correctness_smoke",
            "selected_pretrain_step",
            "downstream_config",
            "supervised_ancestry",
        }
        if not set(artifact).issubset(allowed):
>           raise ValueError("Unknown or unsafe fields in replication inference artifact.")
E           ValueError: Unknown or unsafe fields in replication inference artifact.

src\marine_echo\inference\native_band_replication_acoustic.py:124: ValueError
_ test_root_only_resume_weights_changes_frozen_identity_counts_and_forecast[23-full_finetune] _

monkeypatch = <_pytest.monkeypatch.MonkeyPatch object at 0x000002659A406F90>
mode = 'full_finetune', seed = 23

    @pytest.mark.skipif(
        not ROOT_RUNNER_CHECKS,
        reason="NOT_RUN builder: prior optimizer cache denial; ROOT-only synthetic CPU fixture",
    )
    @pytest.mark.parametrize("mode", downstream.MODES)
    @pytest.mark.parametrize("seed", [13, 23])
    def test_root_only_resume_weights_changes_frozen_identity_counts_and_forecast(
        monkeypatch, mode, seed
    ):
        method = "direct" if mode == "direct_end_to_end" else "shared_ssl"
        fs, _p, cfg, _, inputs, dcfg, _, _train, dev = gate_fixture(
            monkeypatch, mode=mode, method=method, seed=seed
        )
        monkeypatch.setattr(core, "atomic_checkpoint", fs.checkpoint)
        original = core.cpu_state(
            downstream.prepare_model(dcfg, cfg, downstream._load_ancestor(inputs, cfg)).encoder
        )
    
        def run(output, resume=None, stop_after=None):
            return downstream.run(
                inputs,
                dcfg,
                output=output,
                device="cpu",
                correctness_smoke=True,
                smoke_core_config=cfg,
                resume=resume,
                stop_after=stop_after,
            )
    
        whole, resumed = fs.base / "whole-downstream", fs.base / "resumed-downstream"
        report = run(whole)
        run(resumed, stop_after=1)
        run(resumed, resume=resumed / "latest.pt")
        a, b = (torch.load(folder / "latest.pt", weights_only=True) for folder in (whole, resumed))
        assert a["kind"] == b["kind"] == "native_band_replication_downstream_resume_v2"
        assert a["state"]["sequence"] == b["state"]["sequence"]
        for key in a["model"]:
            assert torch.equal(a["model"][key], b["model"][key])
        changed = any(not torch.equal(v, a["model"]["encoder." + k]) for k, v in original.items())
        assert changed == (mode != "frozen_readout")
        if mode == "frozen_readout":
            assert fs.files[whole / "selected_encoder.pt"] == fs.files[inputs.encoder]
        else:
            encoder = torch.load(whole / "selected_encoder.pt", weights_only=True)
            assert encoder["kind"] == "native_band_replication_downstream_supervised_encoder_v2"
            assert encoder["supervised_ancestry"]["ssl_only"] is False
        assert report["optimizer_steps_total"] == report["supervised_updates"] == 4
        assert report["sample_presentations"] == 16
        assert report["label_observations_processed"] == 48
>       infer = downstream.load_inference(whole / "inference.pt")
                ^^^^^^^^^^^^^^^^^^^^^^^^^^^^^^^^^^^^^^^^^^^^^^^^^

tests\integration\test_native_band_replication_downstream.py:215: 
_ _ _ _ _ _ _ _ _ _ _ _ _ _ _ _ _ _ _ _ _ _ _ _ _ _ _ _ _ _ _ _ _ _ _ _ _ _ _ _
src\marine_echo\training\native_band_replication_downstream.py:987: in load_inference
    return Inference(torch.load(path, map_location="cpu", weights_only=True), device)
           ^^^^^^^^^^^^^^^^^^^^^^^^^^^^^^^^^^^^^^^^^^^^^^^^^^^^^^^^^^^^^^^^^^^^^^^^^^
src\marine_echo\training\native_band_replication_downstream.py:983: in __init__
    self._initialize(artifact, device)
src\marine_echo\inference\native_band_replication_acoustic.py:245: in _initialize
    _base(self, artifact, device)
_ _ _ _ _ _ _ _ _ _ _ _ _ _ _ _ _ _ _ _ _ _ _ _ _ _ _ _ _ _ _ _ _ _ _ _ _ _ _ _

instance = <marine_echo.training.native_band_replication_downstream.Inference object at 0x00000265D91D8350>
artifact = {'kind': 'native_band_replication_ssl_weights_only_inference_v2', 'architecture': 'nonlinear_frequency_conditioned_v1'... 0.1521,  0.2081, -0.2707,
        -0.2325,  0.2203,  0.1333,  0.1359, -0.2155, -0.3141,  0.2075, -0.2088]), ...}, ...}
device = 'cpu'

    def _base(instance, artifact, device):
        if not isinstance(artifact, Mapping):
            raise TypeError("Expected a safe band artifact mapping.")
        allowed = {
            "kind",
            "architecture",
            "config",
            "scalers",
            "bindings",
            "encoder",
            "model",
            "evidence_kind",
            "correctness_smoke",
            "selected_pretrain_step",
            "downstream_config",
            "supervised_ancestry",
        }
        if not set(artifact).issubset(allowed):
>           raise ValueError("Unknown or unsafe fields in replication inference artifact.")
E           ValueError: Unknown or unsafe fields in replication inference artifact.

src\marine_echo\inference\native_band_replication_acoustic.py:124: ValueError
_ test_root_only_resume_weights_changes_frozen_identity_counts_and_forecast[23-direct_end_to_end] _

monkeypatch = <_pytest.monkeypatch.MonkeyPatch object at 0x000002659A4059A0>
mode = 'direct_end_to_end', seed = 23

    @pytest.mark.skipif(
        not ROOT_RUNNER_CHECKS,
        reason="NOT_RUN builder: prior optimizer cache denial; ROOT-only synthetic CPU fixture",
    )
    @pytest.mark.parametrize("mode", downstream.MODES)
    @pytest.mark.parametrize("seed", [13, 23])
    def test_root_only_resume_weights_changes_frozen_identity_counts_and_forecast(
        monkeypatch, mode, seed
    ):
        method = "direct" if mode == "direct_end_to_end" else "shared_ssl"
        fs, _p, cfg, _, inputs, dcfg, _, _train, dev = gate_fixture(
            monkeypatch, mode=mode, method=method, seed=seed
        )
        monkeypatch.setattr(core, "atomic_checkpoint", fs.checkpoint)
        original = core.cpu_state(
            downstream.prepare_model(dcfg, cfg, downstream._load_ancestor(inputs, cfg)).encoder
        )
    
        def run(output, resume=None, stop_after=None):
            return downstream.run(
                inputs,
                dcfg,
                output=output,
                device="cpu",
                correctness_smoke=True,
                smoke_core_config=cfg,
                resume=resume,
                stop_after=stop_after,
            )
    
        whole, resumed = fs.base / "whole-downstream", fs.base / "resumed-downstream"
        report = run(whole)
        run(resumed, stop_after=1)
        run(resumed, resume=resumed / "latest.pt")
        a, b = (torch.load(folder / "latest.pt", weights_only=True) for folder in (whole, resumed))
        assert a["kind"] == b["kind"] == "native_band_replication_downstream_resume_v2"
        assert a["state"]["sequence"] == b["state"]["sequence"]
        for key in a["model"]:
            assert torch.equal(a["model"][key], b["model"][key])
        changed = any(not torch.equal(v, a["model"]["encoder." + k]) for k, v in original.items())
        assert changed == (mode != "frozen_readout")
        if mode == "frozen_readout":
            assert fs.files[whole / "selected_encoder.pt"] == fs.files[inputs.encoder]
        else:
            encoder = torch.load(whole / "selected_encoder.pt", weights_only=True)
            assert encoder["kind"] == "native_band_replication_downstream_supervised_encoder_v2"
            assert encoder["supervised_ancestry"]["ssl_only"] is False
        assert report["optimizer_steps_total"] == report["supervised_updates"] == 4
        assert report["sample_presentations"] == 16
        assert report["label_observations_processed"] == 48
>       infer = downstream.load_inference(whole / "inference.pt")
                ^^^^^^^^^^^^^^^^^^^^^^^^^^^^^^^^^^^^^^^^^^^^^^^^^

tests\integration\test_native_band_replication_downstream.py:215: 
_ _ _ _ _ _ _ _ _ _ _ _ _ _ _ _ _ _ _ _ _ _ _ _ _ _ _ _ _ _ _ _ _ _ _ _ _ _ _ _
src\marine_echo\training\native_band_replication_downstream.py:987: in load_inference
    return Inference(torch.load(path, map_location="cpu", weights_only=True), device)
           ^^^^^^^^^^^^^^^^^^^^^^^^^^^^^^^^^^^^^^^^^^^^^^^^^^^^^^^^^^^^^^^^^^^^^^^^^^
src\marine_echo\training\native_band_replication_downstream.py:983: in __init__
    self._initialize(artifact, device)
src\marine_echo\inference\native_band_replication_acoustic.py:245: in _initialize
    _base(self, artifact, device)
_ _ _ _ _ _ _ _ _ _ _ _ _ _ _ _ _ _ _ _ _ _ _ _ _ _ _ _ _ _ _ _ _ _ _ _ _ _ _ _

instance = <marine_echo.training.native_band_replication_downstream.Inference object at 0x00000265D915F050>
artifact = {'kind': 'native_band_replication_ssl_weights_only_inference_v2', 'architecture': 'nonlinear_frequency_conditioned_v1'... 0.1521,  0.2081, -0.2707,
        -0.2325,  0.2203,  0.1333,  0.1359, -0.2155, -0.3141,  0.2075, -0.2088]), ...}, ...}
device = 'cpu'

    def _base(instance, artifact, device):
        if not isinstance(artifact, Mapping):
            raise TypeError("Expected a safe band artifact mapping.")
        allowed = {
            "kind",
            "architecture",
            "config",
            "scalers",
            "bindings",
            "encoder",
            "model",
            "evidence_kind",
            "correctness_smoke",
            "selected_pretrain_step",
            "downstream_config",
            "supervised_ancestry",
        }
        if not set(artifact).issubset(allowed):
>           raise ValueError("Unknown or unsafe fields in replication inference artifact.")
E           ValueError: Unknown or unsafe fields in replication inference artifact.

src\marine_echo\inference\native_band_replication_acoustic.py:124: ValueError
=========================== short test summary info ===========================
FAILED tests/integration/test_native_band_replication_downstream.py::test_root_only_resume_weights_changes_frozen_identity_counts_and_forecast[13-frozen_readout]
FAILED tests/integration/test_native_band_replication_downstream.py::test_root_only_resume_weights_changes_frozen_identity_counts_and_forecast[13-full_finetune]
FAILED tests/integration/test_native_band_replication_downstream.py::test_root_only_resume_weights_changes_frozen_identity_counts_and_forecast[13-direct_end_to_end]
FAILED tests/integration/test_native_band_replication_downstream.py::test_root_only_resume_weights_changes_frozen_identity_counts_and_forecast[23-frozen_readout]
FAILED tests/integration/test_native_band_replication_downstream.py::test_root_only_resume_weights_changes_frozen_identity_counts_and_forecast[23-full_finetune]
FAILED tests/integration/test_native_band_replication_downstream.py::test_root_only_resume_weights_changes_frozen_identity_counts_and_forecast[23-direct_end_to_end]
6 failed, 220 passed in 39.80s
