F.......................................                                 [100%]
================================== FAILURES ===================================
______ test_snapshot_binding_is_immutable_and_exact43_parented_inventory ______

case = namespace(root=WindowsPath('C:/Users/Álvaro Schwiedop/Desktop/KriptaStudios/marine-jepa-vnext-builder/evidence/ssl-inv...NTHETIC_CORRECTNESS_ONLY-Á-Metadata-6abc1679-07ff-483f-868e-a8e027e31982/tools/prepare_native_research_inventory.py')])

    def test_snapshot_binding_is_immutable_and_exact43_parented_inventory(case):
        paths = destinations(case)
        original = case.ledger.read_bytes()
        facts = prepare(case, paths)
        manifest = prep.document(paths.manifest)
        assert str(case.ledger) not in manifest["bindings"]
        assert paths.snapshot.read_bytes() == original
        assert manifest["bindings"][str(paths.snapshot)] == prep.digest(paths.snapshot)
        assert set(manifest["endpoints"]) == set(prep.document(case.matrix)["methods"]) - set(prep.REFERENCES)
        assert manifest["endpoints"]["neural01"]["parent"] == "neural00"
        assert manifest["endpoints"]["neural06"]["parent"] == "neural07"
        assert manifest["endpoints"]["neural04"]["kind"] == prep.PRODUCERS[1][2]
        assert manifest["endpoints"]["neural05"]["kind"] == prep.PRODUCERS[2][2]
>       assert manifest["endpoints"]["neural02"]["scalers_path"].endswith("shared_ssl_seed7_h96_cuda0/scalers.json")
E       AssertionError: assert False
E        +  where False = <built-in method endswith of str object at 0x0000020840807E10>('shared_ssl_seed7_h96_cuda0/scalers.json')
E        +    where <built-in method endswith of str object at 0x0000020840807E10> = 'C:\\Users\\Álvaro Schwiedop\\Desktop\\KriptaStudios\\marine-jepa-vnext-builder\\evidence\\ssl-inventory-preparation-b...tadata-6abc1679-07ff-483f-868e-a8e027e31982\\outputs\\native_acoustic_ssl_v1\\shared_ssl_seed7_h96_cuda0\\scalers.json'.endswith

tests\unit\test_completed_native_inventory_v4_preparation.py:164: AssertionError
=========================== short test summary info ===========================
FAILED tests/unit/test_completed_native_inventory_v4_preparation.py::test_snapshot_binding_is_immutable_and_exact43_parented_inventory
1 failed, 39 passed in 180.29s (0:03:00)
