E                                                                        [100%]
=================================== ERRORS ====================================
_ ERROR at setup of test_snapshot_binding_is_immutable_and_exact43_parented_inventory _

    @pytest.fixture(scope="module")
    def case():
        root = HERE / ("SYNTHETIC_CORRECTNESS_ONLY-Á-Metadata-" + str(uuid.uuid4()))
        for directory in ("orchestration", "configs", "evidence/ssl-research-v1", "outputs", "tools"):
            (root / directory).mkdir(parents=True, exist_ok=True)
        train = root / "data/processed/native_ssl_v1/train.npz"
        opaque(train, b"SYNTHETIC_CORRECTNESS_ONLY opaque byte-binding; not an NPZ codec")
        split = root / "configs/native_ssl_split_v1.json"
        write(split, {"schema_version": "native_acoustic_ssl_v1", "synthetic_fixture": True, "sources": []})
        write(train.with_suffix(".json"), {"role": "train", "npz_sha256": prep.digest(train), "synthetic_fixture": True})
        write(root / "orchestration/native_assessment_seed7_metadata_v1/train_cohort.json", {"role": "train", "synthetic_fixture": True})
        index_source = MAIN / "evidence/ssl-research-v1/original-source-archives-v3/index.json"
        write(root / "evidence/ssl-research-v1/original-source-archives-v3/index.json", prep.document(index_source))
        opaque(root / "tools/native_reference_supervisor.py", b"# private synthetic policy stub; not executed\n")
        opaque(root / "tools/prepare_native_research_inventory.py", (MAIN / "tools/prepare_native_research_inventory.py").read_bytes())
        for ssl, downstream, kind in prep.PRODUCERS:
            for module in (ssl, downstream):
                opaque(root / f"src/marine_echo/training/{module}.py", f"def run():\n    return {{'kind': '{kind}'}}\n".encode())
        sources = [Path(prep.__file__), Path(owned.__file__), root / "tools/native_reference_supervisor.py", root / "tools/prepare_native_research_inventory.py"]
        matrix = {"role": "development", "methods": {name: str(root / "references" / name / "predictions.npz") for name in prep.REFERENCES}}
        runs, folders = [], []
        for i in range(43):
            name = f"neural{i:02d}"
            folder = root / "outputs/native_acoustic_ssl_v1" / name
            folders.append(folder)
            band = i in (4, 5, 6, 7)
            version = 2 if i in (5, 6, 7) else 1
            ssl, downstream, _ = prep.PRODUCERS[2 if band and version == 2 else 1 if band else 0]
            method = "direct" if i == 3 else "shared_ssl"
            mode = "full_finetune" if i == 1 else "frozen_readout" if i in (2, 6) else "direct_end_to_end" if i == 3 else "core_frozen_readout"
            seed = 13 if i == 5 else 23 if i in (6, 7) else 7
>           config = defaults(ssl, "Config")
                     ^^^^^^^^^^^^^^^^^^^^^^^

tests\unit\test_completed_native_inventory_v4_preparation.py:77: 
_ _ _ _ _ _ _ _ _ _ _ _ _ _ _ _ _ _ _ _ _ _ _ _ _ _ _ _ _ _ _ _ _ _ _ _ _ _ _ _
tests\unit\test_completed_native_inventory_v4_preparation.py:42: in defaults
    return {n.target.id: ast.literal_eval(constants[n.value.id] if isinstance(n.value, ast.Name) else n.value)
                         ^^^^^^^^^^^^^^^^^^^^^^^^^^^^^^^^^^^^^^^^^^^^^^^^^^^^^^^^^^^^^^^^^^^^^^^^^^^^^^^^^^^^^
..\..\..\AppData\Roaming\uv\python\cpython-3.12-windows-x86_64-none\Lib\ast.py:112: in literal_eval
    return _convert(node_or_string)
           ^^^^^^^^^^^^^^^^^^^^^^^^
..\..\..\AppData\Roaming\uv\python\cpython-3.12-windows-x86_64-none\Lib\ast.py:111: in _convert
    return _convert_signed_num(node)
           ^^^^^^^^^^^^^^^^^^^^^^^^^
..\..\..\AppData\Roaming\uv\python\cpython-3.12-windows-x86_64-none\Lib\ast.py:85: in _convert_signed_num
    return _convert_num(node)
           ^^^^^^^^^^^^^^^^^^
..\..\..\AppData\Roaming\uv\python\cpython-3.12-windows-x86_64-none\Lib\ast.py:76: in _convert_num
    _raise_malformed_node(node)
_ _ _ _ _ _ _ _ _ _ _ _ _ _ _ _ _ _ _ _ _ _ _ _ _ _ _ _ _ _ _ _ _ _ _ _ _ _ _ _

node = <ast.Call object at 0x000001B36C75E190>

    def _raise_malformed_node(node):
        msg = "malformed node or string"
        if lno := getattr(node, 'lineno', None):
            msg += f' on line {lno}'
>       raise ValueError(msg + f': {node!r}')
E       ValueError: malformed node or string on line 63: <ast.Call object at 0x000001B36C75E190>

..\..\..\AppData\Roaming\uv\python\cpython-3.12-windows-x86_64-none\Lib\ast.py:73: ValueError
=========================== short test summary info ===========================
ERROR tests/unit/test_completed_native_inventory_v4_preparation.py::test_snapshot_binding_is_immutable_and_exact43_parented_inventory
38 deselected, 1 error in 2.44s
