{
  "status": "NUMERICAL_ASSAY_PASSED_PHYSICAL_APPLICABILITY_BLOCKED",
  "iridium_accepted": 1560,
  "iridium_rejected": 448,
  "scalar_formula_max_absolute_error_db": 2.842170943040401e-14,
  "scenario_spread_db_p50_p95_max_by_frequency": [
    [
      0.02994755642014013,
      0.044405771065584076,
      0.045892647295630695
    ],
    [
      0.07696318292698834,
      0.12734135477607822,
      0.1323169766871075
    ],
    [
      0.07779897340842012,
      0.12879722141448724,
      0.13383408541510278
    ],
    [
      0.014419006248687083,
      0.026738783608934114,
      0.027955551743289675
    ]
  ],
  "elapsed_seconds": 8.046999999998661
}
