{"file": "20050100.01A", "pings": 74, "elapsed_s": 1.4369999999980791}
{"file": "20050101.01A", "pings": 240, "elapsed_s": 3.952999999994063}
{"file": "20050102.01A", "pings": 240, "elapsed_s": 6.514999999999418}
{"file": "20050103.01A", "pings": 236, "elapsed_s": 9.046999999998661}
{"file": "20050104.01A", "pings": 79, "elapsed_s": 10.514999999999418}
{"file": "20050105.01A", "pings": 240, "elapsed_s": 12.93699999999808}
{"file": "20050106.01A", "pings": 240, "elapsed_s": 15.593999999997322}
{"file": "20050107.01A", "pings": 234, "elapsed_s": 18.0}
{"file": "20050108.01A", "pings": 81, "elapsed_s": 19.468999999997322}
{"file": "20050109.01A", "pings": 240, "elapsed_s": 21.9059999999954}
{"file": "20050110.01A", "pings": 240, "elapsed_s": 24.43699999999808}
{"file": "20050111.01A", "pings": 233, "elapsed_s": 26.875}
{"file": "20050112.01A", "pings": 81, "elapsed_s": 28.077999999994063}
{"file": "20050113.01A", "pings": 240, "elapsed_s": 30.625}
{"file": "20050114.01A", "pings": 240, "elapsed_s": 32.95299999999406}
{"file": "20050115.01A", "pings": 234, "elapsed_s": 35.35899999999674}
{"file": "20050116.01A", "pings": 81, "elapsed_s": 36.54699999999866}
{"file": "20050117.01A", "pings": 240, "elapsed_s": 38.93699999999808}
{"file": "20050118.01A", "pings": 240, "elapsed_s": 41.38999999999942}
{"file": "20050119.01A", "pings": 233, "elapsed_s": 43.79699999999866}
{"file": "20050120.01A", "pings": 81, "elapsed_s": 45.06199999999808}
{"file": "20050121.01A", "pings": 240, "elapsed_s": 47.4059999999954}
{"file": "20050122.01A", "pings": 240, "elapsed_s": 49.84399999999732}
{"file": "20050123.01A", "pings": 233, "elapsed_s": 52.21899999999732}
{
  "status": "TRAIN_CANDIDATE_PROCESSED_REQUIRES_QC_REVIEW",
  "expected_pings": 5760,
  "observed_pings": 4760,
  "primary_bins_at_least_80pct": 0,
  "elapsed_seconds": 52.42199999999866
}
