{"file": "20022500.01A", "pings": 3, "elapsed_s": 0.13999999999941792}
{"file": "20022501.01A", "pings": 56, "elapsed_s": 0.2809999999954016}
{"file": "20022502.01A", "pings": 240, "elapsed_s": 0.9680000000007567}
{"file": "20022503.01A", "pings": 240, "elapsed_s": 1.8119999999980791}
{"file": "20022504.01A", "pings": 240, "elapsed_s": 2.3430000000007567}
{"file": "20022505.01A", "pings": 240, "elapsed_s": 2.9219999999986612}
{"file": "20022506.01A", "pings": 240, "elapsed_s": 3.514999999999418}
{"file": "20022507.01A", "pings": 240, "elapsed_s": 4.421999999998661}
{"file": "20022508.01A", "pings": 5, "elapsed_s": 4.60899999999674}
{"file": "20022509.01A", "pings": 56, "elapsed_s": 4.875}
{"file": "20022510.01A", "pings": 240, "elapsed_s": 5.421999999998661}
{"file": "20022511.01A", "pings": 240, "elapsed_s": 6.093000000000757}
{"file": "20022512.01A", "pings": 240, "elapsed_s": 6.73399999999674}
{"file": "20022513.01A", "pings": 240, "elapsed_s": 7.23399999999674}
{"file": "20022514.01A", "pings": 240, "elapsed_s": 7.718000000000757}
{"file": "20022515.01A", "pings": 240, "elapsed_s": 8.23399999999674}
{"file": "20022516.01A", "pings": 3, "elapsed_s": 8.343000000000757}
{"file": "20022517.01A", "pings": 56, "elapsed_s": 8.546999999998661}
{"file": "20022518.01A", "pings": 240, "elapsed_s": 8.921999999998661}
{"file": "20022519.01A", "pings": 240, "elapsed_s": 9.328000000001339}
{"file": "20022520.01A", "pings": 240, "elapsed_s": 9.780999999995402}
{"file": "20022521.01A", "pings": 240, "elapsed_s": 10.35899999999674}
{"file": "20022522.01A", "pings": 240, "elapsed_s": 11.078000000001339}
{"file": "20022523.01A", "pings": 240, "elapsed_s": 11.73399999999674}
{
  "status": "TRAIN_CANDIDATE_PROCESSED_REQUIRES_QC_REVIEW",
  "expected_pings": 5760,
  "observed_pings": 4499,
  "primary_bins_at_least_80pct": 0,
  "elapsed_seconds": 11.81199999999808
}
