{"file": "20021700.01A", "pings": 4, "elapsed_s": 0.23399999999674037}
{"file": "20021700.01B", "pings": 235, "elapsed_s": 1.1559999999954016}
{"file": "20021701.01A", "pings": 3, "elapsed_s": 1.3589999999967404}
{"file": "20021701.01B", "pings": 236, "elapsed_s": 2.2969999999986612}
{"file": "20021702.01A", "pings": 4, "elapsed_s": 2.561999999998079}
{"file": "20021702.01B", "pings": 234, "elapsed_s": 3.3280000000013388}
{"file": "20021703.01A", "pings": 8, "elapsed_s": 3.4680000000007567}
{"file": "20021703.01B", "pings": 230, "elapsed_s": 4.139999999999418}
{"file": "20021704.01A", "pings": 5, "elapsed_s": 4.264999999999418}
{"file": "20021704.01B", "pings": 234, "elapsed_s": 5.186999999998079}
{"file": "20021705.01A", "pings": 10, "elapsed_s": 5.389999999999418}
{"file": "20021705.01B", "pings": 226, "elapsed_s": 6.218000000000757}
{"file": "20021706.01A", "pings": 5, "elapsed_s": 6.421999999998661}
{"file": "20021706.01B", "pings": 234, "elapsed_s": 7.328000000001339}
{"file": "20021707.01A", "pings": 4, "elapsed_s": 7.468000000000757}
{"file": "20021707.01B", "pings": 234, "elapsed_s": 7.953000000001339}
{"file": "20021708.01A", "pings": 6, "elapsed_s": 8.046999999998661}
{"file": "20021708.01B", "pings": 232, "elapsed_s": 9.030999999995402}
{"file": "20021709.01A", "pings": 8, "elapsed_s": 9.25}
{"file": "20021709.01B", "pings": 230, "elapsed_s": 10.0}
{"file": "20021710.01A", "pings": 8, "elapsed_s": 10.218000000000757}
{"file": "20021710.01B", "pings": 229, "elapsed_s": 10.81199999999808}
{"file": "20021711.01A", "pings": 3, "elapsed_s": 10.889999999999418}
{"file": "20021711.01B", "pings": 236, "elapsed_s": 11.203000000001339}
{"file": "20021712.01A", "pings": 8, "elapsed_s": 11.264999999999418}
{"file": "20021712.01B", "pings": 229, "elapsed_s": 11.60899999999674}
{"file": "20021713.01A", "pings": 9, "elapsed_s": 11.718000000000757}
{"file": "20021713.01B", "pings": 229, "elapsed_s": 12.10899999999674}
{"file": "20021714.01A", "pings": 9, "elapsed_s": 12.18699999999808}
{"file": "20021714.01B", "pings": 228, "elapsed_s": 12.578000000001339}
{"file": "20021715.01A", "pings": 7, "elapsed_s": 12.68699999999808}
{"file": "20021715.01B", "pings": 234, "elapsed_s": 13.10899999999674}
{"file": "20021716.01A", "pings": 7, "elapsed_s": 13.203000000001339}
{"file": "20021716.01B", "pings": 228, "elapsed_s": 13.514999999999418}
{"file": "20021717.01A", "pings": 4, "elapsed_s": 13.578000000001339}
{"file": "20021717.01B", "pings": 235, "elapsed_s": 13.889999999999418}
{"file": "20021718.01A", "pings": 11, "elapsed_s": 13.953000000001339}
{"file": "20021718.01B", "pings": 226, "elapsed_s": 14.296999999998661}
{"file": "20021719.01A", "pings": 9, "elapsed_s": 14.405999999995402}
{"file": "20021719.01B", "pings": 228, "elapsed_s": 14.828000000001339}
{"file": "20021720.01A", "pings": 4, "elapsed_s": 14.921999999998661}
{"file": "20021720.01B", "pings": 235, "elapsed_s": 15.280999999995402}
{"file": "20021721.01A", "pings": 6, "elapsed_s": 15.375}
{"file": "20021721.01B", "pings": 232, "elapsed_s": 15.780999999995402}
{"file": "20021722.01A", "pings": 3, "elapsed_s": 15.889999999999418}
{"file": "20021722.01B", "pings": 235, "elapsed_s": 16.389999999999418}
{"file": "20021723.01A", "pings": 4, "elapsed_s": 16.48399999999674}
{"file": "20021723.01B", "pings": 235, "elapsed_s": 17.0309999999954}
{
  "status": "TRAIN_CANDIDATE_PROCESSED_REQUIRES_QC_REVIEW",
  "expected_pings": 5760,
  "observed_pings": 5713,
  "primary_bins_at_least_80pct": 0,
  "elapsed_seconds": 17.093000000000757
}
