{"file": "20032501.01A", "pings": 61, "elapsed_s": 0.9530000000013388}
{"file": "20032502.01A", "pings": 240, "elapsed_s": 2.7969999999986612}
{"file": "20032503.01A", "pings": 240, "elapsed_s": 4.7189999999973224}
{"file": "20032504.01A", "pings": 240, "elapsed_s": 5.546999999998661}
{"file": "20032505.01A", "pings": 240, "elapsed_s": 6.8439999999973224}
{"file": "20032506.01A", "pings": 240, "elapsed_s": 8.360000000000582}
{"file": "20032507.01A", "pings": 240, "elapsed_s": 10.031000000002678}
{"file": "20032509.01A", "pings": 61, "elapsed_s": 10.953000000001339}
{"file": "20032510.01A", "pings": 240, "elapsed_s": 12.01600000000326}
{"file": "20032511.01A", "pings": 240, "elapsed_s": 13.06300000000192}
{"file": "20032512.01A", "pings": 240, "elapsed_s": 14.078000000001339}
{"file": "20032513.01A", "pings": 240, "elapsed_s": 15.375}
{"file": "20032514.01A", "pings": 240, "elapsed_s": 16.531000000002678}
{"file": "20032515.01A", "pings": 239, "elapsed_s": 17.593999999997322}
{"file": "20032517.01A", "pings": 61, "elapsed_s": 18.39100000000326}
{"file": "20032518.01A", "pings": 240, "elapsed_s": 19.375}
{"file": "20032519.01A", "pings": 240, "elapsed_s": 20.25}
{"file": "20032520.01A", "pings": 240, "elapsed_s": 21.25}
{"file": "20032521.01A", "pings": 240, "elapsed_s": 22.031000000002678}
{"file": "20032522.01A", "pings": 240, "elapsed_s": 23.32800000000134}
{"file": "20032523.01A", "pings": 239, "elapsed_s": 24.343999999997322}
{
  "status": "TRAIN_CANDIDATE_PROCESSED_REQUIRES_QC_REVIEW",
  "expected_pings": 5760,
  "observed_pings": 4501,
  "primary_bins_at_least_80pct": 0,
  "elapsed_seconds": 24.42199999999866
}
