{"file": "20032000.01A", "pings": 4, "elapsed_s": 0.75}
{"file": "20032001.01A", "pings": 56, "elapsed_s": 1.4369999999980791}
{"file": "20032002.01A", "pings": 240, "elapsed_s": 3.061999999998079}
{"file": "20032003.01A", "pings": 240, "elapsed_s": 4.703000000001339}
{"file": "20032004.01A", "pings": 240, "elapsed_s": 6.843000000000757}
{"file": "20032005.01A", "pings": 240, "elapsed_s": 9.0}
{"file": "20032006.01A", "pings": 240, "elapsed_s": 11.203000000001339}
{"file": "20032007.01A", "pings": 240, "elapsed_s": 12.764999999999418}
{"file": "20032009.01A", "pings": 60, "elapsed_s": 13.639999999999418}
{"file": "20032010.01A", "pings": 240, "elapsed_s": 15.81199999999808}
{"file": "20032011.01A", "pings": 240, "elapsed_s": 17.92199999999866}
{"file": "20032012.01A", "pings": 240, "elapsed_s": 18.93699999999808}
{"file": "20032013.01A", "pings": 240, "elapsed_s": 21.06199999999808}
{"file": "20032014.01A", "pings": 240, "elapsed_s": 22.07800000000134}
{"file": "20032015.01A", "pings": 240, "elapsed_s": 22.81199999999808}
{"file": "20032016.01A", "pings": 1, "elapsed_s": 22.968000000000757}
{"file": "20032017.01A", "pings": 60, "elapsed_s": 23.20300000000134}
{"file": "20032018.01A", "pings": 241, "elapsed_s": 23.68699999999808}
{"file": "20032019.01A", "pings": 240, "elapsed_s": 25.18699999999808}
{"file": "20032020.01A", "pings": 240, "elapsed_s": 26.875}
{"file": "20032021.01A", "pings": 240, "elapsed_s": 27.5}
{"file": "20032022.01A", "pings": 240, "elapsed_s": 28.125}
{"file": "20032023.01A", "pings": 240, "elapsed_s": 29.18699999999808}
{
  "status": "TRAIN_CANDIDATE_PROCESSED_REQUIRES_QC_REVIEW",
  "expected_pings": 5760,
  "observed_pings": 4502,
  "primary_bins_at_least_80pct": 0,
  "elapsed_seconds": 29.389999999999418
}
