{"file": "20030300.01A", "pings": 240, "elapsed_s": 0.7030000000013388}
{"file": "20030301.01A", "pings": 240, "elapsed_s": 1.25}
{"file": "20030302.01A", "pings": 240, "elapsed_s": 1.6719999999986612}
{"file": "20030303.01A", "pings": 240, "elapsed_s": 2.1560000000026776}
{"file": "20030304.01A", "pings": 240, "elapsed_s": 2.7969999999986612}
{"file": "20030305.01A", "pings": 240, "elapsed_s": 3.3910000000032596}
{"file": "20030306.01A", "pings": 4, "elapsed_s": 3.485000000000582}
{"file": "20030307.01A", "pings": 57, "elapsed_s": 3.6410000000032596}
{"file": "20030308.01A", "pings": 240, "elapsed_s": 4.485000000000582}
{"file": "20030309.01A", "pings": 240, "elapsed_s": 5.063000000001921}
{"file": "20030310.01A", "pings": 240, "elapsed_s": 5.5310000000026776}
{"file": "20030311.01A", "pings": 240, "elapsed_s": 6.0310000000026776}
{"file": "20030312.01A", "pings": 240, "elapsed_s": 6.51600000000326}
{"file": "20030313.01A", "pings": 240, "elapsed_s": 7.0}
{"file": "20030314.01A", "pings": 240, "elapsed_s": 7.546999999998661}
{"file": "20030315.01A", "pings": 240, "elapsed_s": 8.0}
{"file": "20030316.01A", "pings": 240, "elapsed_s": 8.81300000000192}
{"file": "20030317.01A", "pings": 240, "elapsed_s": 9.375}
{"file": "20030318.01A", "pings": 240, "elapsed_s": 9.828000000001339}
{"file": "20030319.01A", "pings": 240, "elapsed_s": 10.26600000000326}
{"file": "20030320.01A", "pings": 240, "elapsed_s": 10.671999999998661}
{"file": "20030321.01A", "pings": 240, "elapsed_s": 11.093999999997322}
{"file": "20030322.01A", "pings": 240, "elapsed_s": 11.468999999997322}
{"file": "20030323.01A", "pings": 241, "elapsed_s": 11.860000000000582}
{
  "status": "TRAIN_CANDIDATE_PROCESSED_REQUIRES_QC_REVIEW",
  "expected_pings": 5760,
  "observed_pings": 5342,
  "primary_bins_at_least_80pct": 0,
  "elapsed_seconds": 11.906000000002678
}
