{"file": "20050900.01A", "pings": 158, "elapsed_s": 2.3440000000045984}
{"file": "20050901.01A", "pings": 240, "elapsed_s": 4.875}
{"file": "20050902.01A", "pings": 240, "elapsed_s": 7.546999999998661}
{"file": "20050903.01A", "pings": 240, "elapsed_s": 9.984000000004016}
{"file": "20050904.01A", "pings": 240, "elapsed_s": 12.781000000002678}
{"file": "20050905.01A", "pings": 240, "elapsed_s": 15.375}
{"file": "20050906.01A", "pings": 240, "elapsed_s": 17.8440000000046}
{"file": "20050907.01A", "pings": 230, "elapsed_s": 20.156000000002678}
{"file": "20050909.01A", "pings": 69, "elapsed_s": 21.26600000000326}
{"file": "20050910.01A", "pings": 240, "elapsed_s": 23.484000000004016}
{"file": "20050911.01A", "pings": 240, "elapsed_s": 25.781000000002678}
{"file": "20050912.01A", "pings": 240, "elapsed_s": 28.01600000000326}
{"file": "20050913.01A", "pings": 240, "elapsed_s": 30.609000000004016}
{"file": "20050914.01A", "pings": 240, "elapsed_s": 33.18800000000192}
{"file": "20050915.01A", "pings": 234, "elapsed_s": 35.68800000000192}
{"file": "20050917.01A", "pings": 65, "elapsed_s": 36.93800000000192}
{"file": "20050918.01A", "pings": 240, "elapsed_s": 39.43800000000192}
{"file": "20050919.01A", "pings": 240, "elapsed_s": 42.42199999999866}
{"file": "20050920.01A", "pings": 240, "elapsed_s": 45.20300000000134}
{"file": "20050921.01A", "pings": 240, "elapsed_s": 48.32800000000134}
{"file": "20050922.01A", "pings": 240, "elapsed_s": 51.3440000000046}
{"file": "20050923.01A", "pings": 233, "elapsed_s": 54.07800000000134}
{
  "status": "TRAIN_CANDIDATE_PROCESSED_REQUIRES_QC_REVIEW",
  "expected_pings": 5760,
  "observed_pings": 4829,
  "primary_bins_at_least_80pct": 0,
  "elapsed_seconds": 54.31300000000192
}
