{"file": "20031800.01A", "pings": 6, "elapsed_s": 0.7190000000045984}
{"file": "20031801.01A", "pings": 52, "elapsed_s": 1.5469999999986612}
{"file": "20031802.01A", "pings": 240, "elapsed_s": 3.688000000001921}
{"file": "20031803.01A", "pings": 240, "elapsed_s": 5.875}
{"file": "20031804.01A", "pings": 240, "elapsed_s": 7.875}
{"file": "20031805.01A", "pings": 240, "elapsed_s": 10.06300000000192}
{"file": "20031806.01A", "pings": 240, "elapsed_s": 12.171999999998661}
{"file": "20031807.01A", "pings": 240, "elapsed_s": 14.281000000002678}
{"file": "20031808.01A", "pings": 2, "elapsed_s": 14.796999999998661}
{"file": "20031809.01A", "pings": 56, "elapsed_s": 15.68800000000192}
{"file": "20031810.01A", "pings": 240, "elapsed_s": 17.859000000004016}
{"file": "20031811.01A", "pings": 240, "elapsed_s": 20.031000000002678}
{"file": "20031812.01A", "pings": 240, "elapsed_s": 22.234000000004016}
{"file": "20031813.01A", "pings": 240, "elapsed_s": 24.43800000000192}
{"file": "20031814.01A", "pings": 240, "elapsed_s": 26.625}
{"file": "20031815.01A", "pings": 240, "elapsed_s": 28.859000000004016}
{"file": "20031816.01A", "pings": 3, "elapsed_s": 29.359000000004016}
{"file": "20031817.01A", "pings": 56, "elapsed_s": 30.26600000000326}
{"file": "20031818.01A", "pings": 240, "elapsed_s": 32.4690000000046}
{"file": "20031819.01A", "pings": 240, "elapsed_s": 34.65600000000268}
{"file": "20031820.01A", "pings": 240, "elapsed_s": 36.75}
{"file": "20031821.01A", "pings": 240, "elapsed_s": 38.9690000000046}
{"file": "20031822.01A", "pings": 240, "elapsed_s": 41.14100000000326}
{"file": "20031823.01A", "pings": 240, "elapsed_s": 43.43800000000192}
{
  "status": "TRAIN_CANDIDATE_PROCESSED_REQUIRES_QC_REVIEW",
  "expected_pings": 5760,
  "observed_pings": 4495,
  "primary_bins_at_least_80pct": 0,
  "elapsed_seconds": 43.625
}
