{"file": "20051001.01A", "pings": 69, "elapsed_s": 1.2960000000020955}
{"file": "20051002.01A", "pings": 240, "elapsed_s": 3.625}
{"file": "20051003.01A", "pings": 240, "elapsed_s": 5.968000000000757}
{"file": "20051004.01A", "pings": 240, "elapsed_s": 8.296000000002095}
{"file": "20051005.01A", "pings": 240, "elapsed_s": 10.68699999999808}
{"file": "20051006.01A", "pings": 240, "elapsed_s": 13.125}
{"file": "20051007.01A", "pings": 233, "elapsed_s": 15.671000000002095}
{"file": "20051009.01A", "pings": 69, "elapsed_s": 16.82800000000134}
{"file": "20051010.01A", "pings": 240, "elapsed_s": 19.139999999999418}
{"file": "20051011.01A", "pings": 231, "elapsed_s": 21.93699999999808}
{"file": "20051013.01A", "pings": 69, "elapsed_s": 23.093000000000757}
{"file": "20051014.01A", "pings": 240, "elapsed_s": 25.514999999999418}
{"file": "20051015.01A", "pings": 231, "elapsed_s": 27.781000000002678}
{"file": "20051017.01A", "pings": 69, "elapsed_s": 28.906000000002678}
{"file": "20051018.01A", "pings": 240, "elapsed_s": 31.264999999999418}
{"file": "20051019.01A", "pings": 230, "elapsed_s": 33.5}
{"file": "20051021.01A", "pings": 69, "elapsed_s": 34.60899999999674}
{"file": "20051022.01A", "pings": 240, "elapsed_s": 36.95300000000134}
{"file": "20051023.01A", "pings": 231, "elapsed_s": 39.23399999999674}
{
  "status": "TRAIN_CANDIDATE_PROCESSED_REQUIRES_QC_REVIEW",
  "expected_pings": 5760,
  "observed_pings": 3661,
  "primary_bins_at_least_80pct": 0,
  "elapsed_seconds": 39.421000000002095
}
