{"file": "20022600.01A", "pings": 4, "elapsed_s": 0.14100000000325963}
{"file": "20022601.01A", "pings": 56, "elapsed_s": 0.3280000000013388}
{"file": "20022602.01A", "pings": 240, "elapsed_s": 0.8440000000045984}
{"file": "20022603.01A", "pings": 240, "elapsed_s": 1.4380000000019209}
{"file": "20022604.01A", "pings": 240, "elapsed_s": 1.9530000000013388}
{"file": "20022605.01A", "pings": 240, "elapsed_s": 2.5}
{"file": "20022606.01A", "pings": 240, "elapsed_s": 3.1410000000032596}
{"file": "20022607.01A", "pings": 240, "elapsed_s": 3.9530000000013388}
{"file": "20022608.01A", "pings": 4, "elapsed_s": 4.063000000001921}
{"file": "20022609.01A", "pings": 56, "elapsed_s": 4.26600000000326}
{"file": "20022610.01A", "pings": 240, "elapsed_s": 4.828000000001339}
{"file": "20022611.01A", "pings": 240, "elapsed_s": 5.359000000004016}
{"file": "20022612.01A", "pings": 240, "elapsed_s": 6.0310000000026776}
{"file": "20022613.01A", "pings": 240, "elapsed_s": 6.969000000004598}
{"file": "20022614.01A", "pings": 240, "elapsed_s": 7.75}
{"file": "20022615.01A", "pings": 240, "elapsed_s": 8.781000000002678}
{"file": "20022616.01A", "pings": 6, "elapsed_s": 8.93800000000192}
{"file": "20022617.01A", "pings": 52, "elapsed_s": 9.171999999998661}
{"file": "20022618.01A", "pings": 240, "elapsed_s": 9.68800000000192}
{"file": "20022619.01A", "pings": 240, "elapsed_s": 10.281000000002678}
{"file": "20022620.01A", "pings": 240, "elapsed_s": 11.094000000004598}
{"file": "20022621.01A", "pings": 240, "elapsed_s": 11.64100000000326}
{"file": "20022622.01A", "pings": 240, "elapsed_s": 12.125}
{"file": "20022623.01A", "pings": 241, "elapsed_s": 12.546999999998661}
{
  "status": "TRAIN_CANDIDATE_PROCESSED_REQUIRES_QC_REVIEW",
  "expected_pings": 5760,
  "observed_pings": 4499,
  "primary_bins_at_least_80pct": 0,
  "elapsed_seconds": 12.594000000004598
}
