{"file": "20030200.01A", "pings": 240, "elapsed_s": 0.48399999999674037}
{"file": "20030201.01A", "pings": 240, "elapsed_s": 0.8899999999994179}
{"file": "20030202.01A", "pings": 240, "elapsed_s": 1.9219999999986612}
{"file": "20030203.01A", "pings": 240, "elapsed_s": 3.2180000000007567}
{"file": "20030204.01A", "pings": 240, "elapsed_s": 4.046999999998661}
{"file": "20030205.01A", "pings": 240, "elapsed_s": 4.73399999999674}
{"file": "20030206.01A", "pings": 6, "elapsed_s": 4.905999999995402}
{"file": "20030207.01A", "pings": 53, "elapsed_s": 5.171999999998661}
{"file": "20030208.01A", "pings": 240, "elapsed_s": 5.625}
{"file": "20030209.01A", "pings": 240, "elapsed_s": 5.98399999999674}
{"file": "20030210.01A", "pings": 240, "elapsed_s": 6.405999999995402}
{"file": "20030211.01A", "pings": 240, "elapsed_s": 6.875}
{"file": "20030212.01A", "pings": 240, "elapsed_s": 7.578000000001339}
{"file": "20030213.01A", "pings": 240, "elapsed_s": 8.10899999999674}
{"file": "20030214.01A", "pings": 2, "elapsed_s": 8.218000000000757}
{"file": "20030215.01A", "pings": 57, "elapsed_s": 8.405999999995402}
{"file": "20030216.01A", "pings": 240, "elapsed_s": 8.828000000001339}
{"file": "20030217.01A", "pings": 240, "elapsed_s": 9.280999999995402}
{"file": "20030218.01A", "pings": 240, "elapsed_s": 9.85899999999674}
{"file": "20030219.01A", "pings": 240, "elapsed_s": 10.468000000000757}
{"file": "20030220.01A", "pings": 240, "elapsed_s": 10.905999999995402}
{"file": "20030221.01A", "pings": 240, "elapsed_s": 12.10899999999674}
{"file": "20030222.01A", "pings": 8, "elapsed_s": 12.389999999999418}
{"file": "20030223.01A", "pings": 53, "elapsed_s": 12.93699999999808}
{
  "status": "TRAIN_CANDIDATE_PROCESSED_REQUIRES_QC_REVIEW",
  "expected_pings": 5760,
  "observed_pings": 4499,
  "primary_bins_at_least_80pct": 0,
  "elapsed_seconds": 13.014999999999418
}
