{"file": "20051601.01A", "pings": 70, "elapsed_s": 1.1410000000032596}
{"file": "20051602.01A", "pings": 240, "elapsed_s": 3.3280000000013388}
{"file": "20051603.01A", "pings": 229, "elapsed_s": 5.359000000004016}
{"file": "20051605.01A", "pings": 70, "elapsed_s": 6.26600000000326}
{"file": "20051606.01A", "pings": 240, "elapsed_s": 8.375}
{"file": "20051607.01A", "pings": 230, "elapsed_s": 10.344000000004598}
{"file": "20051608.01A", "pings": 89, "elapsed_s": 11.406000000002678}
{"file": "20051609.01A", "pings": 240, "elapsed_s": 13.406000000002678}
{"file": "20051610.01A", "pings": 241, "elapsed_s": 15.422000000005937}
{"file": "20051611.01A", "pings": 229, "elapsed_s": 17.45300000000134}
{"file": "20051612.01A", "pings": 84, "elapsed_s": 18.39100000000326}
{"file": "20051613.01A", "pings": 240, "elapsed_s": 20.547000000005937}
{"file": "20051614.01A", "pings": 240, "elapsed_s": 22.64100000000326}
{"file": "20051615.01A", "pings": 229, "elapsed_s": 24.57800000000134}
{"file": "20051616.01A", "pings": 84, "elapsed_s": 25.656000000002678}
{"file": "20051617.01A", "pings": 240, "elapsed_s": 27.82800000000134}
{"file": "20051618.01A", "pings": 240, "elapsed_s": 29.922000000005937}
{"file": "20051619.01A", "pings": 229, "elapsed_s": 32.01600000000326}
{"file": "20051620.01A", "pings": 85, "elapsed_s": 33.03100000000268}
{"file": "20051621.01A", "pings": 240, "elapsed_s": 34.984000000004016}
{"file": "20051622.01A", "pings": 240, "elapsed_s": 37.062000000005355}
{"file": "20051623.01A", "pings": 229, "elapsed_s": 39.04700000000594}
{
  "status": "TRAIN_CANDIDATE_PROCESSED_REQUIRES_QC_REVIEW",
  "expected_pings": 5760,
  "observed_pings": 4258,
  "primary_bins_at_least_80pct": 0,
  "elapsed_seconds": 39.25
}
