{"file": "20032100.01A", "pings": 2, "elapsed_s": 0.5310000000026776}
{"file": "20032101.01A", "pings": 57, "elapsed_s": 1.1710000000020955}
{"file": "20032102.01A", "pings": 240, "elapsed_s": 1.9530000000013388}
{"file": "20032103.01A", "pings": 240, "elapsed_s": 2.9210000000020955}
{"file": "20032104.01A", "pings": 240, "elapsed_s": 3.5460000000020955}
{"file": "20032105.01A", "pings": 240, "elapsed_s": 4.061999999998079}
{"file": "20032106.01A", "pings": 240, "elapsed_s": 5.453000000001339}
{"file": "20032107.01A", "pings": 240, "elapsed_s": 7.218000000000757}
{"file": "20032108.01A", "pings": 3, "elapsed_s": 7.389999999999418}
{"file": "20032109.01A", "pings": 57, "elapsed_s": 7.6710000000020955}
{"file": "20032110.01A", "pings": 240, "elapsed_s": 8.281000000002678}
{"file": "20032111.01A", "pings": 240, "elapsed_s": 8.764999999999418}
{"file": "20032112.01A", "pings": 240, "elapsed_s": 9.828000000001339}
{"file": "20032113.01A", "pings": 240, "elapsed_s": 12.014999999999418}
{"file": "20032114.01A", "pings": 240, "elapsed_s": 13.296000000002095}
{"file": "20032115.01A", "pings": 240, "elapsed_s": 14.35899999999674}
{"file": "20032116.01A", "pings": 1, "elapsed_s": 14.546000000002095}
{"file": "20032117.01A", "pings": 61, "elapsed_s": 14.81199999999808}
{"file": "20032118.01A", "pings": 240, "elapsed_s": 15.75}
{"file": "20032119.01A", "pings": 240, "elapsed_s": 17.125}
{"file": "20032120.01A", "pings": 240, "elapsed_s": 17.781000000002678}
{"file": "20032121.01A", "pings": 240, "elapsed_s": 18.593000000000757}
{"file": "20032122.01A", "pings": 240, "elapsed_s": 19.171000000002095}
{"file": "20032123.01A", "pings": 240, "elapsed_s": 19.921000000002095}
{
  "status": "TRAIN_CANDIDATE_PROCESSED_REQUIRES_QC_REVIEW",
  "expected_pings": 5760,
  "observed_pings": 4501,
  "primary_bins_at_least_80pct": 0,
  "elapsed_seconds": 20.10899999999674
}
