{"file": "20021800.01A", "pings": 4, "elapsed_s": 0.2190000000045984}
{"file": "20021800.01B", "pings": 235, "elapsed_s": 0.7810000000026776}
{"file": "20021801.01A", "pings": 3, "elapsed_s": 0.9219999999986612}
{"file": "20021801.01B", "pings": 236, "elapsed_s": 1.5630000000019209}
{"file": "20021802.01A", "pings": 9, "elapsed_s": 1.6880000000019209}
{"file": "20021802.01B", "pings": 228, "elapsed_s": 2.1090000000040163}
{"file": "20021803.01A", "pings": 4, "elapsed_s": 2.2030000000013388}
{"file": "20021803.01B", "pings": 235, "elapsed_s": 2.6090000000040163}
{"file": "20021804.01A", "pings": 10, "elapsed_s": 2.75}
{"file": "20021804.01B", "pings": 227, "elapsed_s": 3.2810000000026776}
{"file": "20021805.01A", "pings": 6, "elapsed_s": 3.438000000001921}
{"file": "20021805.01B", "pings": 232, "elapsed_s": 3.9840000000040163}
{"file": "20021806.01A", "pings": 5, "elapsed_s": 4.125}
{"file": "20021806.01B", "pings": 234, "elapsed_s": 4.671999999998661}
{"file": "20021807.01A", "pings": 5, "elapsed_s": 4.7810000000026776}
{"file": "20021807.01B", "pings": 233, "elapsed_s": 5.296999999998661}
{"file": "20021808.01A", "pings": 4, "elapsed_s": 5.469000000004598}
{"file": "20021808.01B", "pings": 234, "elapsed_s": 6.219000000004598}
{"file": "20021809.01A", "pings": 4, "elapsed_s": 6.344000000004598}
{"file": "20021809.01B", "pings": 235, "elapsed_s": 6.813000000001921}
{"file": "20021810.01A", "pings": 7, "elapsed_s": 6.938000000001921}
{"file": "20021810.01B", "pings": 231, "elapsed_s": 7.484000000004016}
{"file": "20021811.01A", "pings": 4, "elapsed_s": 7.6560000000026776}
{"file": "20021811.01B", "pings": 235, "elapsed_s": 8.219000000004598}
{"file": "20021812.01A", "pings": 3, "elapsed_s": 8.328000000001339}
{"file": "20021812.01B", "pings": 235, "elapsed_s": 8.76600000000326}
{"file": "20021813.01A", "pings": 6, "elapsed_s": 8.89100000000326}
{"file": "20021813.01B", "pings": 233, "elapsed_s": 9.31300000000192}
{"file": "20021814.01A", "pings": 2, "elapsed_s": 9.406000000002678}
{"file": "20021814.01B", "pings": 236, "elapsed_s": 9.796999999998661}
{"file": "20021815.01A", "pings": 240, "elapsed_s": 10.406000000002678}
{"file": "20021816.01A", "pings": 240, "elapsed_s": 10.953000000001339}
{"file": "20021817.01A", "pings": 240, "elapsed_s": 11.546999999998661}
{"file": "20021818.01A", "pings": 240, "elapsed_s": 12.156000000002678}
{"file": "20021819.01A", "pings": 240, "elapsed_s": 13.156000000002678}
{"file": "20021820.01A", "pings": 240, "elapsed_s": 13.859000000004016}
{"file": "20021821.01A", "pings": 239, "elapsed_s": 14.5}
{
  "status": "TRAIN_CANDIDATE_PROCESSED_REQUIRES_QC_REVIEW",
  "expected_pings": 5760,
  "observed_pings": 5254,
  "primary_bins_at_least_80pct": 0,
  "elapsed_seconds": 14.594000000004598
}
