{"file": "20050400.01A", "pings": 81, "elapsed_s": 1.3439999999973224}
{"file": "20050401.01A", "pings": 240, "elapsed_s": 3.6569999999992433}
{"file": "20050402.01A", "pings": 240, "elapsed_s": 6.203000000001339}
{"file": "20050403.01A", "pings": 231, "elapsed_s": 8.43800000000192}
{"file": "20050404.01A", "pings": 83, "elapsed_s": 9.735000000000582}
{"file": "20050405.01A", "pings": 240, "elapsed_s": 12.0}
{"file": "20050406.01A", "pings": 240, "elapsed_s": 14.296999999998661}
{"file": "20050407.01A", "pings": 235, "elapsed_s": 16.56300000000192}
{"file": "20050408.01A", "pings": 78, "elapsed_s": 17.625}
{"file": "20050409.01A", "pings": 240, "elapsed_s": 19.92199999999866}
{"file": "20050410.01A", "pings": 240, "elapsed_s": 22.17199999999866}
{"file": "20050411.01A", "pings": 234, "elapsed_s": 24.485000000000582}
{"file": "20050412.01A", "pings": 80, "elapsed_s": 25.593999999997322}
{"file": "20050413.01A", "pings": 240, "elapsed_s": 27.875}
{"file": "20050414.01A", "pings": 240, "elapsed_s": 30.25}
{"file": "20050415.01A", "pings": 232, "elapsed_s": 32.42199999999866}
{"file": "20050416.01A", "pings": 82, "elapsed_s": 33.515999999995984}
{"file": "20050417.01A", "pings": 240, "elapsed_s": 35.79699999999866}
{"file": "20050418.01A", "pings": 240, "elapsed_s": 38.15699999999924}
{"file": "20050419.01A", "pings": 234, "elapsed_s": 41.03199999999924}
{"file": "20050420.01A", "pings": 80, "elapsed_s": 42.28199999999924}
{"file": "20050421.01A", "pings": 240, "elapsed_s": 44.65699999999924}
{"file": "20050422.01A", "pings": 240, "elapsed_s": 46.92199999999866}
{"file": "20050423.01A", "pings": 233, "elapsed_s": 49.15699999999924}
{
  "status": "TRAIN_CANDIDATE_PROCESSED_REQUIRES_QC_REVIEW",
  "expected_pings": 5760,
  "observed_pings": 4763,
  "primary_bins_at_least_80pct": 0,
  "elapsed_seconds": 49.390999999995984
}
