{"file": "20033001.01A", "pings": 62, "elapsed_s": 0.8909999999959837}
{"file": "20033002.01A", "pings": 240, "elapsed_s": 1.8439999999973224}
{"file": "20033003.01A", "pings": 240, "elapsed_s": 2.9530000000013388}
{"file": "20033004.01A", "pings": 240, "elapsed_s": 3.860000000000582}
{"file": "20033005.01A", "pings": 240, "elapsed_s": 5.156999999999243}
{"file": "20033006.01A", "pings": 240, "elapsed_s": 5.906999999999243}
{"file": "20033007.01A", "pings": 239, "elapsed_s": 6.781999999999243}
{"file": "20033009.01A", "pings": 62, "elapsed_s": 7.328000000001339}
{"file": "20033010.01A", "pings": 240, "elapsed_s": 8.735000000000582}
{"file": "20033011.01A", "pings": 240, "elapsed_s": 10.81300000000192}
{"file": "20033012.01A", "pings": 240, "elapsed_s": 11.796999999998661}
{"file": "20033013.01A", "pings": 240, "elapsed_s": 12.875}
{"file": "20033014.01A", "pings": 240, "elapsed_s": 14.656999999999243}
{"file": "20033015.01A", "pings": 237, "elapsed_s": 16.31300000000192}
{"file": "20033017.01A", "pings": 62, "elapsed_s": 16.875}
{"file": "20033018.01A", "pings": 240, "elapsed_s": 18.093999999997322}
{"file": "20033019.01A", "pings": 240, "elapsed_s": 19.610000000000582}
{"file": "20033020.01A", "pings": 240, "elapsed_s": 20.625}
{"file": "20033021.01A", "pings": 240, "elapsed_s": 22.43800000000192}
{"file": "20033022.01A", "pings": 240, "elapsed_s": 24.625}
{"file": "20033023.01A", "pings": 238, "elapsed_s": 26.25}
{
  "status": "TRAIN_CANDIDATE_PROCESSED_REQUIRES_QC_REVIEW",
  "expected_pings": 5760,
  "observed_pings": 4500,
  "primary_bins_at_least_80pct": 0,
  "elapsed_seconds": 26.32800000000134
}
