{"file": "20022400.01A", "pings": 5, "elapsed_s": 0.125}
{"file": "20022401.01A", "pings": 56, "elapsed_s": 0.26599999999598367}
{"file": "20022402.01A", "pings": 240, "elapsed_s": 0.8439999999973224}
{"file": "20022403.01A", "pings": 240, "elapsed_s": 1.610000000000582}
{"file": "20022404.01A", "pings": 240, "elapsed_s": 2.2659999999959837}
{"file": "20022405.01A", "pings": 240, "elapsed_s": 2.860000000000582}
{"file": "20022406.01A", "pings": 240, "elapsed_s": 3.438000000001921}
{"file": "20022407.01A", "pings": 240, "elapsed_s": 4.110000000000582}
{"file": "20022408.01A", "pings": 8, "elapsed_s": 4.328000000001339}
{"file": "20022409.01A", "pings": 52, "elapsed_s": 4.563000000001921}
{"file": "20022410.01A", "pings": 240, "elapsed_s": 5.235000000000582}
{"file": "20022411.01A", "pings": 240, "elapsed_s": 5.735000000000582}
{"file": "20022412.01A", "pings": 240, "elapsed_s": 6.203000000001339}
{"file": "20022413.01A", "pings": 240, "elapsed_s": 6.921999999998661}
{"file": "20022414.01A", "pings": 240, "elapsed_s": 7.485000000000582}
{"file": "20022415.01A", "pings": 240, "elapsed_s": 8.015999999995984}
{"file": "20022416.01A", "pings": 3, "elapsed_s": 8.140999999995984}
{"file": "20022417.01A", "pings": 56, "elapsed_s": 8.328000000001339}
{"file": "20022418.01A", "pings": 240, "elapsed_s": 8.735000000000582}
{"file": "20022419.01A", "pings": 240, "elapsed_s": 9.203000000001339}
{"file": "20022420.01A", "pings": 240, "elapsed_s": 9.640999999995984}
{"file": "20022421.01A", "pings": 240, "elapsed_s": 10.343999999997322}
{"file": "20022422.01A", "pings": 240, "elapsed_s": 11.625}
{"file": "20022423.01A", "pings": 240, "elapsed_s": 12.43800000000192}
{
  "status": "TRAIN_CANDIDATE_PROCESSED_REQUIRES_QC_REVIEW",
  "expected_pings": 5760,
  "observed_pings": 4500,
  "primary_bins_at_least_80pct": 0,
  "elapsed_seconds": 12.485000000000582
}
