{"file": "20022300.01A", "pings": 7, "elapsed_s": 0.2180000000007567}
{"file": "20022301.01A", "pings": 52, "elapsed_s": 0.43699999999807915}
{"file": "20022302.01A", "pings": 240, "elapsed_s": 1.2180000000007567}
{"file": "20022303.01A", "pings": 240, "elapsed_s": 2.0}
{"file": "20022304.01A", "pings": 240, "elapsed_s": 2.7339999999967404}
{"file": "20022305.01A", "pings": 240, "elapsed_s": 3.2810000000026776}
{"file": "20022306.01A", "pings": 240, "elapsed_s": 3.9530000000013388}
{"file": "20022307.01A", "pings": 240, "elapsed_s": 4.875}
{"file": "20022308.01A", "pings": 5, "elapsed_s": 5.0460000000020955}
{"file": "20022309.01A", "pings": 56, "elapsed_s": 5.35899999999674}
{"file": "20022310.01A", "pings": 240, "elapsed_s": 6.203000000001339}
{"file": "20022311.01A", "pings": 240, "elapsed_s": 6.889999999999418}
{"file": "20022312.01A", "pings": 240, "elapsed_s": 8.23399999999674}
{"file": "20022313.01A", "pings": 240, "elapsed_s": 10.31199999999808}
{"file": "20022314.01A", "pings": 240, "elapsed_s": 11.343000000000757}
{"file": "20022315.01A", "pings": 240, "elapsed_s": 12.843000000000757}
{"file": "20022316.01A", "pings": 3, "elapsed_s": 13.328000000001339}
{"file": "20022317.01A", "pings": 56, "elapsed_s": 13.889999999999418}
{"file": "20022318.01A", "pings": 240, "elapsed_s": 15.43699999999808}
{"file": "20022319.01A", "pings": 240, "elapsed_s": 16.389999999999418}
{"file": "20022320.01A", "pings": 240, "elapsed_s": 17.093000000000757}
{"file": "20022321.01A", "pings": 240, "elapsed_s": 17.843000000000757}
{"file": "20022322.01A", "pings": 240, "elapsed_s": 18.514999999999418}
{"file": "20022323.01A", "pings": 240, "elapsed_s": 19.18699999999808}
{
  "status": "TRAIN_CANDIDATE_PROCESSED_REQUIRES_QC_REVIEW",
  "expected_pings": 5760,
  "observed_pings": 4499,
  "primary_bins_at_least_80pct": 0,
  "elapsed_seconds": 19.264999999999418
}
