{"file": "20050500.01A", "pings": 82, "elapsed_s": 1.4059999999954016}
{"file": "20050501.01A", "pings": 240, "elapsed_s": 3.9680000000007567}
{"file": "20050502.01A", "pings": 240, "elapsed_s": 6.264999999999418}
{"file": "20050503.01A", "pings": 231, "elapsed_s": 8.68699999999808}
{"file": "20050504.01A", "pings": 82, "elapsed_s": 9.921999999998661}
{"file": "20050505.01A", "pings": 240, "elapsed_s": 12.296999999998661}
{"file": "20050506.01A", "pings": 240, "elapsed_s": 14.764999999999418}
{"file": "20050507.01A", "pings": 233, "elapsed_s": 17.23399999999674}
{"file": "20050508.01A", "pings": 81, "elapsed_s": 18.5309999999954}
{"file": "20050509.01A", "pings": 240, "elapsed_s": 21.2809999999954}
{"file": "20050510.01A", "pings": 240, "elapsed_s": 23.968000000000757}
{"file": "20050511.01A", "pings": 232, "elapsed_s": 26.48399999999674}
{"file": "20050512.01A", "pings": 83, "elapsed_s": 27.79699999999866}
{"file": "20050513.01A", "pings": 240, "elapsed_s": 30.18699999999808}
{"file": "20050514.01A", "pings": 240, "elapsed_s": 32.6559999999954}
{"file": "20050515.01A", "pings": 231, "elapsed_s": 35.06199999999808}
{"file": "20050516.01A", "pings": 83, "elapsed_s": 36.2809999999954}
{"file": "20050517.01A", "pings": 240, "elapsed_s": 38.76499999999942}
{"file": "20050518.01A", "pings": 240, "elapsed_s": 41.21800000000076}
{"file": "20050519.01A", "pings": 230, "elapsed_s": 43.46800000000076}
{"file": "20050519.01B", "pings": 9, "elapsed_s": 44.06199999999808}
{"file": "20050520.01A", "pings": 240, "elapsed_s": 46.375}
{"file": "20050521.01A", "pings": 240, "elapsed_s": 48.59300000000076}
{"file": "20050522.01A", "pings": 241, "elapsed_s": 50.9059999999954}
{"file": "20050523.01A", "pings": 231, "elapsed_s": 53.1559999999954}
{"file": "20050523.01B", "pings": 9, "elapsed_s": 53.7809999999954}
{
  "status": "TRAIN_CANDIDATE_PROCESSED_REQUIRES_QC_REVIEW",
  "expected_pings": 5760,
  "observed_pings": 4938,
  "primary_bins_at_least_80pct": 0,
  "elapsed_seconds": 54.0
}
