{"file": "20050100.01A", "pings": 74, "elapsed_s": 3.0}
{"file": "20050101.01A", "pings": 240, "elapsed_s": 11.26600000000326}
{"file": "20050102.01A", "pings": 240, "elapsed_s": 17.31300000000192}
{"file": "20050103.01A", "pings": 236, "elapsed_s": 22.906000000002678}
{"file": "20050104.01A", "pings": 79, "elapsed_s": 25.32800000000134}
{"file": "20050105.01A", "pings": 240, "elapsed_s": 31.656000000002678}
{"file": "20050106.01A", "pings": 240, "elapsed_s": 37.68800000000192}
{"file": "20050107.01A", "pings": 234, "elapsed_s": 43.34399999999732}
{"file": "20050108.01A", "pings": 81, "elapsed_s": 46.17199999999866}
{"file": "20050109.01A", "pings": 240, "elapsed_s": 52.45300000000134}
{"file": "20050110.01A", "pings": 240, "elapsed_s": 58.48500000000058}
{"file": "20050111.01A", "pings": 233, "elapsed_s": 64.75}
{"file": "20050112.01A", "pings": 81, "elapsed_s": 67.31300000000192}
{"file": "20050113.01A", "pings": 240, "elapsed_s": 73.26600000000326}
{"file": "20050114.01A", "pings": 240, "elapsed_s": 79.23500000000058}
{"file": "20050115.01A", "pings": 234, "elapsed_s": 85.09399999999732}
{"file": "20050116.01A", "pings": 81, "elapsed_s": 87.5}
{"file": "20050117.01A", "pings": 240, "elapsed_s": 94.56300000000192}
{"file": "20050118.01A", "pings": 240, "elapsed_s": 101.04699999999866}
{"file": "20050119.01A", "pings": 233, "elapsed_s": 106.68800000000192}
{"file": "20050120.01A", "pings": 81, "elapsed_s": 109.0}
{"file": "20050121.01A", "pings": 240, "elapsed_s": 114.90600000000268}
{"file": "20050122.01A", "pings": 240, "elapsed_s": 120.76600000000326}
{"file": "20050123.01A", "pings": 233, "elapsed_s": 126.43800000000192}
{
  "status": "TRAIN_CANDIDATE_PROCESSED_REQUIRES_QC_REVIEW",
  "expected_pings": 5760,
  "observed_pings": 4760,
  "primary_bins_at_least_80pct": 0,
  "elapsed_seconds": 126.59399999999732
}
