{
  "report": "evidence\\continuation\\state_audit.json",
  "replay_exposure": [
    {
      "path": "evidence/data/diagnostic_raw_replay_2020-02-17.json",
      "sha256": "5bbf9ce4dcd89f49d304d29bb50dada6e495a0b827bce2654791e86ff424699c",
      "bytes": 603402,
      "rows": 96,
      "first_bin_end": "2020-02-17T00:15:00Z",
      "last_bin_end": "2020-02-18T00:00:00Z",
      "overlaps_candidate_test": false
    },
    {
      "path": "release/meeting-20260926-r2/demo/artifacts/observations.json",
      "sha256": "68240f4e6d75eef0c6890dbbb658468b45ff0f4ea95eb2ec1e41084de200beea",
      "bytes": 629805,
      "rows": 96,
      "first_bin_end": "2020-02-17T00:15:00Z",
      "last_bin_end": "2020-02-18T00:00:00Z",
      "overlaps_candidate_test": false
    },
    {
      "path": "release/demo/artifacts/observations.json",
      "sha256": "68240f4e6d75eef0c6890dbbb658468b45ff0f4ea95eb2ec1e41084de200beea",
      "bytes": 629805,
      "rows": 96,
      "first_bin_end": "2020-02-17T00:15:00Z",
      "last_bin_end": "2020-02-18T00:00:00Z",
      "overlaps_candidate_test": false
    }
  ],
  "registries": [
    {
      "path": "orchestration/run_ledger.json",
      "sha256": "1f2d9bdc94644404f9bfac585406612d260cc7ca9ace9a4be4967b723e9f96b6",
      "statuses": {
        "BLOCKED": 25
      }
    },
    {
      "path": "reports/active/training_registry.json",
      "sha256": "6061823100962ded061123814acb8b20688c42f699036a590ca3afadd323fd69",
      "statuses": {
        "BLOCKED": 25
      }
    }
  ]
}
