Success: no issues found in 19 source files
 
src\marine_echo\data\preprocessing.py:282: error: No overload variant of "datetime64" matches argument types "datetime64[date | int | None]", "str"  [call-overload]
src\marine_echo\data\preprocessing.py:282: note: Possible overload variants:
src\marine_echo\data\preprocessing.py:282: note:     def [_DT64ItemT_co: date | int | None] datetime64(datetime64[_DT64ItemT_co], /) -> datetime64[_DT64ItemT_co]
src\marine_echo\data\preprocessing.py:282: note:     def [_DT64ItemT_co: date | int | None, _AnyDT64Arg: (datetime, date, None)] datetime64(_AnyDT64Arg, /) -> datetime64[_AnyDT64Arg]
src\marine_echo\data\preprocessing.py:282: note:     def [_DT64ItemT_co: date | int | None] datetime64(Literal['NAT', 'NaT', 'nat', b'NAT', b'NaT', b'nat'] | None = ..., Literal['Y', 'M', b'Y', b'M', 'W', 'D', b'W', b'D', 'h', 'm', 's', 'ms', 'us', 'μs', b'h', b'm', b's', b'ms', b'us', 'ns', 'ps', 'fs', 'as', b'ns', b'ps', b'fs', b'as'] | tuple[Literal['Y', 'M', b'Y', b'M', 'W', 'D', b'W', b'D', 'h', 'm', 's', 'ms', 'us', 'μs', b'h', b'm', b's', b'ms', b'us', 'ns', 'ps', 'fs', 'as', b'ns', b'ps', b'fs', b'as'], SupportsIndex] = ..., /) -> datetime64[None]
src\marine_echo\data\preprocessing.py:282: note:     def [_DT64ItemT_co: date | int | None] datetime64(Literal['NOW', 'now', b'NOW', b'now'], Literal['h', 'm', 's', 'ms', 'us', 'μs', b'h', b'm', b's', b'ms', b'us'] | tuple[Literal['h', 'm', 's', 'ms', 'us', 'μs', b'h', b'm', b's', b'ms', b'us'], SupportsIndex] = ..., /) -> datetime64[datetime]
src\marine_echo\data\preprocessing.py:282: note:     def [_DT64ItemT_co: date | int | None] datetime64(Literal['TODAY', 'today', b'TODAY', b'today'] | _HasDateAttributes, Literal['Y', 'M', b'Y', b'M', 'W', 'D', b'W', b'D'] | tuple[Literal['Y', 'M', b'Y', b'M', 'W', 'D', b'W', b'D'], SupportsIndex] = ..., /) -> datetime64[date]
src\marine_echo\data\preprocessing.py:282: note:     def [_DT64ItemT_co: date | int | None] datetime64(int | bytes | str | date, Literal['ns', 'ps', 'fs', 'as', b'ns', b'ps', b'fs', b'as'] | tuple[Literal['ns', 'ps', 'fs', 'as', b'ns', b'ps', b'fs', b'as'], SupportsIndex], /) -> datetime64[int]
src\marine_echo\data\preprocessing.py:282: note:     def [_DT64ItemT_co: date | int | None] datetime64(int | bytes | str | date, Literal['h', 'm', 's', 'ms', 'us', 'μs', b'h', b'm', b's', b'ms', b'us'] | tuple[Literal['h', 'm', 's', 'ms', 'us', 'μs', b'h', b'm', b's', b'ms', b'us'], SupportsIndex], /) -> datetime64[datetime]
src\marine_echo\data\preprocessing.py:282: note:     def [_DT64ItemT_co: date | int | None] datetime64(int | bytes | str | date, Literal['Y', 'M', b'Y', b'M', 'W', 'D', b'W', b'D'] | tuple[Literal['Y', 'M', b'Y', b'M', 'W', 'D', b'W', b'D'], SupportsIndex], /) -> datetime64[date]
src\marine_echo\data\preprocessing.py:282: note:     def [_DT64ItemT_co: date | int | None] datetime64(bytes | str | date | None, Literal['Y', 'M', b'Y', b'M', 'W', 'D', b'W', b'D', 'h', 'm', 's', 'ms', 'us', 'μs', b'h', b'm', b's', b'ms', b'us', 'ns', 'ps', 'fs', 'as', b'ns', b'ps', b'fs', b'as'] | tuple[Literal['Y', 'M', b'Y', b'M', 'W', 'D', b'W', b'D', 'h', 'm', 's', 'ms', 'us', 'μs', b'h', b'm', b's', b'ms', b'us', 'ns', 'ps', 'fs', 'as', b'ns', b'ps', b'fs', b'as'], SupportsIndex] = ..., /) -> datetime64[_DT64ItemT_co]
src\marine_echo\data\preprocessing.py:283: error: No overload variant of "datetime64" matches argument types "datetime64[date | int | None]", "str"  [call-overload]
src\marine_echo\data\preprocessing.py:283: note: Possible overload variants:
src\marine_echo\data\preprocessing.py:283: note:     def [_DT64ItemT_co: date | int | None] datetime64(datetime64[_DT64ItemT_co], /) -> datetime64[_DT64ItemT_co]
src\marine_echo\data\preprocessing.py:283: note:     def [_DT64ItemT_co: date | int | None, _AnyDT64Arg: (datetime, date, None)] datetime64(_AnyDT64Arg, /) -> datetime64[_AnyDT64Arg]
src\marine_echo\data\preprocessing.py:283: note:     def [_DT64ItemT_co: date | int | None] datetime64(Literal['NAT', 'NaT', 'nat', b'NAT', b'NaT', b'nat'] | None = ..., Literal['Y', 'M', b'Y', b'M', 'W', 'D', b'W', b'D', 'h', 'm', 's', 'ms', 'us', 'μs', b'h', b'm', b's', b'ms', b'us', 'ns', 'ps', 'fs', 'as', b'ns', b'ps', b'fs', b'as'] | tuple[Literal['Y', 'M', b'Y', b'M', 'W', 'D', b'W', b'D', 'h', 'm', 's', 'ms', 'us', 'μs', b'h', b'm', b's', b'ms', b'us', 'ns', 'ps', 'fs', 'as', b'ns', b'ps', b'fs', b'as'], SupportsIndex] = ..., /) -> datetime64[None]
src\marine_echo\data\preprocessing.py:283: note:     def [_DT64ItemT_co: date | int | None] datetime64(Literal['NOW', 'now', b'NOW', b'now'], Literal['h', 'm', 's', 'ms', 'us', 'μs', b'h', b'm', b's', b'ms', b'us'] | tuple[Literal['h', 'm', 's', 'ms', 'us', 'μs', b'h', b'm', b's', b'ms', b'us'], SupportsIndex] = ..., /) -> datetime64[datetime]
src\marine_echo\data\preprocessing.py:283: note:     def [_DT64ItemT_co: date | int | None] datetime64(Literal['TODAY', 'today', b'TODAY', b'today'] | _HasDateAttributes, Literal['Y', 'M', b'Y', b'M', 'W', 'D', b'W', b'D'] | tuple[Literal['Y', 'M', b'Y', b'M', 'W', 'D', b'W', b'D'], SupportsIndex] = ..., /) -> datetime64[date]
src\marine_echo\data\preprocessing.py:283: note:     def [_DT64ItemT_co: date | int | None] datetime64(int | bytes | str | date, Literal['ns', 'ps', 'fs', 'as', b'ns', b'ps', b'fs', b'as'] | tuple[Literal['ns', 'ps', 'fs', 'as', b'ns', b'ps', b'fs', b'as'], SupportsIndex], /) -> datetime64[int]
src\marine_echo\data\preprocessing.py:283: note:     def [_DT64ItemT_co: date | int | None] datetime64(int | bytes | str | date, Literal['h', 'm', 's', 'ms', 'us', 'μs', b'h', b'm', b's', b'ms', b'us'] | tuple[Literal['h', 'm', 's', 'ms', 'us', 'μs', b'h', b'm', b's', b'ms', b'us'], SupportsIndex], /) -> datetime64[datetime]
src\marine_echo\data\preprocessing.py:283: note:     def [_DT64ItemT_co: date | int | None] datetime64(int | bytes | str | date, Literal['Y', 'M', b'Y', b'M', 'W', 'D', b'W', b'D'] | tuple[Literal['Y', 'M', b'Y', b'M', 'W', 'D', b'W', b'D'], SupportsIndex], /) -> datetime64[date]
src\marine_echo\data\preprocessing.py:283: note:     def [_DT64ItemT_co: date | int | None] datetime64(bytes | str | date | None, Literal['Y', 'M', b'Y', b'M', 'W', 'D', b'W', b'D', 'h', 'm', 's', 'ms', 'us', 'μs', b'h', b'm', b's', b'ms', b'us', 'ns', 'ps', 'fs', 'as', b'ns', b'ps', b'fs', b'as'] | tuple[Literal['Y', 'M', b'Y', b'M', 'W', 'D', b'W', b'D', 'h', 'm', 's', 'ms', 'us', 'μs', b'h', b'm', b's', b'ms', b'us', 'ns', 'ps', 'fs', 'as', b'ns', b'ps', b'fs', b'as'], SupportsIndex] = ..., /) -> datetime64[_DT64ItemT_co]
src\marine_echo\data\preprocessing.py:284: error: No overload variant of "datetime64" matches argument types "datetime64[date | int | None]", "str"  [call-overload]
src\marine_echo\data\preprocessing.py:284: note: Possible overload variants:
src\marine_echo\data\preprocessing.py:284: note:     def [_DT64ItemT_co: date | int | None] datetime64(datetime64[_DT64ItemT_co], /) -> datetime64[_DT64ItemT_co]
src\marine_echo\data\preprocessing.py:284: note:     def [_DT64ItemT_co: date | int | None, _AnyDT64Arg: (datetime, date, None)] datetime64(_AnyDT64Arg, /) -> datetime64[_AnyDT64Arg]
src\marine_echo\data\preprocessing.py:284: note:     def [_DT64ItemT_co: date | int | None] datetime64(Literal['NAT', 'NaT', 'nat', b'NAT', b'NaT', b'nat'] | None = ..., Literal['Y', 'M', b'Y', b'M', 'W', 'D', b'W', b'D', 'h', 'm', 's', 'ms', 'us', 'μs', b'h', b'm', b's', b'ms', b'us', 'ns', 'ps', 'fs', 'as', b'ns', b'ps', b'fs', b'as'] | tuple[Literal['Y', 'M', b'Y', b'M', 'W', 'D', b'W', b'D', 'h', 'm', 's', 'ms', 'us', 'μs', b'h', b'm', b's', b'ms', b'us', 'ns', 'ps', 'fs', 'as', b'ns', b'ps', b'fs', b'as'], SupportsIndex] = ..., /) -> datetime64[None]
src\marine_echo\data\preprocessing.py:284: note:     def [_DT64ItemT_co: date | int | None] datetime64(Literal['NOW', 'now', b'NOW', b'now'], Literal['h', 'm', 's', 'ms', 'us', 'μs', b'h', b'm', b's', b'ms', b'us'] | tuple[Literal['h', 'm', 's', 'ms', 'us', 'μs', b'h', b'm', b's', b'ms', b'us'], SupportsIndex] = ..., /) -> datetime64[datetime]
src\marine_echo\data\preprocessing.py:284: note:     def [_DT64ItemT_co: date | int | None] datetime64(Literal['TODAY', 'today', b'TODAY', b'today'] | _HasDateAttributes, Literal['Y', 'M', b'Y', b'M', 'W', 'D', b'W', b'D'] | tuple[Literal['Y', 'M', b'Y', b'M', 'W', 'D', b'W', b'D'], SupportsIndex] = ..., /) -> datetime64[date]
src\marine_echo\data\preprocessing.py:284: note:     def [_DT64ItemT_co: date | int | None] datetime64(int | bytes | str | date, Literal['ns', 'ps', 'fs', 'as', b'ns', b'ps', b'fs', b'as'] | tuple[Literal['ns', 'ps', 'fs', 'as', b'ns', b'ps', b'fs', b'as'], SupportsIndex], /) -> datetime64[int]
src\marine_echo\data\preprocessing.py:284: note:     def [_DT64ItemT_co: date | int | None] datetime64(int | bytes | str | date, Literal['h', 'm', 's', 'ms', 'us', 'μs', b'h', b'm', b's', b'ms', b'us'] | tuple[Literal['h', 'm', 's', 'ms', 'us', 'μs', b'h', b'm', b's', b'ms', b'us'], SupportsIndex], /) -> datetime64[datetime]
src\marine_echo\data\preprocessing.py:284: note:     def [_DT64ItemT_co: date | int | None] datetime64(int | bytes | str | date, Literal['Y', 'M', b'Y', b'M', 'W', 'D', b'W', b'D'] | tuple[Literal['Y', 'M', b'Y', b'M', 'W', 'D', b'W', b'D'], SupportsIndex], /) -> datetime64[date]
src\marine_echo\data\preprocessing.py:284: note:     def [_DT64ItemT_co: date | int | None] datetime64(bytes | str | date | None, Literal['Y', 'M', b'Y', b'M', 'W', 'D', b'W', b'D', 'h', 'm', 's', 'ms', 'us', 'μs', b'h', b'm', b's', b'ms', b'us', 'ns', 'ps', 'fs', 'as', b'ns', b'ps', b'fs', b'as'] | tuple[Literal['Y', 'M', b'Y', b'M', 'W', 'D', b'W', b'D', 'h', 'm', 's', 'ms', 'us', 'μs', b'h', b'm', b's', b'ms', b'us', 'ns', 'ps', 'fs', 'as', b'ns', b'ps', b'fs', b'as'], SupportsIndex] = ..., /) -> datetime64[_DT64ItemT_co]
src\marine_echo\training\data_adapter.py:152: error: "timedelta" has no attribute "astype"  [attr-defined]
Found 4 errors in 2 files (checked 10 source files)
 
