FFFFFF                                                                   [100%]
================================== FAILURES ===================================
_ test_original_native_split_preserves_whole_site_final_test_and_four_train_archives _

    def test_original_native_split_preserves_whole_site_final_test_and_four_train_archives():
        document = split()
        before = copy.deepcopy(document)
>       groups = inventory.reserved_groups(document, evidence="REAL_TRAIN_DEVELOPMENT_FIT")
                 ^^^^^^^^^^^^^^^^^^^^^^^^^
E       AttributeError: module 'marine_echo.evaluation.native_ancestry_inventory' has no attribute 'reserved_groups'

tests\unit\test_native_inventory_reserved_split.py:21: AttributeError
___ test_reserved_identity_corruption_rejected[train_row_count_as_archive] ____

defect = 'train_row_count_as_archive'

    @pytest.mark.parametrize("defect", ["train_row_count_as_archive", "heldout_site_leak", "duplicate_archive", "missing_role", "unknown_role"])
    def test_reserved_identity_corruption_rejected(defect):
        document = split()
        if defect == "train_row_count_as_archive":
            document["sources"][0]["file_id"] = 18593
        elif defect == "heldout_site_leak":
            heldout = next(source for source in document["sources"] if source["role"] == "final_test")
            document["sources"][0]["site"] = heldout["site"]
        elif defect == "duplicate_archive":
            document["sources"][1]["archive_sha256"] = document["sources"][0]["archive_sha256"]
        elif defect == "missing_role":
            document["sources"] = [source for source in document["sources"] if source["role"] != "development"]
        else:
            document["sources"][0]["role"] = "all_data_ssl"
        with pytest.raises(ValueError):
>           inventory.reserved_groups(document, evidence="REAL_TRAIN_DEVELOPMENT_FIT")
            ^^^^^^^^^^^^^^^^^^^^^^^^^
E           AttributeError: module 'marine_echo.evaluation.native_ancestry_inventory' has no attribute 'reserved_groups'

tests\unit\test_native_inventory_reserved_split.py:43: AttributeError
________ test_reserved_identity_corruption_rejected[heldout_site_leak] ________

defect = 'heldout_site_leak'

    @pytest.mark.parametrize("defect", ["train_row_count_as_archive", "heldout_site_leak", "duplicate_archive", "missing_role", "unknown_role"])
    def test_reserved_identity_corruption_rejected(defect):
        document = split()
        if defect == "train_row_count_as_archive":
            document["sources"][0]["file_id"] = 18593
        elif defect == "heldout_site_leak":
            heldout = next(source for source in document["sources"] if source["role"] == "final_test")
            document["sources"][0]["site"] = heldout["site"]
        elif defect == "duplicate_archive":
            document["sources"][1]["archive_sha256"] = document["sources"][0]["archive_sha256"]
        elif defect == "missing_role":
            document["sources"] = [source for source in document["sources"] if source["role"] != "development"]
        else:
            document["sources"][0]["role"] = "all_data_ssl"
        with pytest.raises(ValueError):
>           inventory.reserved_groups(document, evidence="REAL_TRAIN_DEVELOPMENT_FIT")
            ^^^^^^^^^^^^^^^^^^^^^^^^^
E           AttributeError: module 'marine_echo.evaluation.native_ancestry_inventory' has no attribute 'reserved_groups'

tests\unit\test_native_inventory_reserved_split.py:43: AttributeError
________ test_reserved_identity_corruption_rejected[duplicate_archive] ________

defect = 'duplicate_archive'

    @pytest.mark.parametrize("defect", ["train_row_count_as_archive", "heldout_site_leak", "duplicate_archive", "missing_role", "unknown_role"])
    def test_reserved_identity_corruption_rejected(defect):
        document = split()
        if defect == "train_row_count_as_archive":
            document["sources"][0]["file_id"] = 18593
        elif defect == "heldout_site_leak":
            heldout = next(source for source in document["sources"] if source["role"] == "final_test")
            document["sources"][0]["site"] = heldout["site"]
        elif defect == "duplicate_archive":
            document["sources"][1]["archive_sha256"] = document["sources"][0]["archive_sha256"]
        elif defect == "missing_role":
            document["sources"] = [source for source in document["sources"] if source["role"] != "development"]
        else:
            document["sources"][0]["role"] = "all_data_ssl"
        with pytest.raises(ValueError):
>           inventory.reserved_groups(document, evidence="REAL_TRAIN_DEVELOPMENT_FIT")
            ^^^^^^^^^^^^^^^^^^^^^^^^^
E           AttributeError: module 'marine_echo.evaluation.native_ancestry_inventory' has no attribute 'reserved_groups'

tests\unit\test_native_inventory_reserved_split.py:43: AttributeError
__________ test_reserved_identity_corruption_rejected[missing_role] ___________

defect = 'missing_role'

    @pytest.mark.parametrize("defect", ["train_row_count_as_archive", "heldout_site_leak", "duplicate_archive", "missing_role", "unknown_role"])
    def test_reserved_identity_corruption_rejected(defect):
        document = split()
        if defect == "train_row_count_as_archive":
            document["sources"][0]["file_id"] = 18593
        elif defect == "heldout_site_leak":
            heldout = next(source for source in document["sources"] if source["role"] == "final_test")
            document["sources"][0]["site"] = heldout["site"]
        elif defect == "duplicate_archive":
            document["sources"][1]["archive_sha256"] = document["sources"][0]["archive_sha256"]
        elif defect == "missing_role":
            document["sources"] = [source for source in document["sources"] if source["role"] != "development"]
        else:
            document["sources"][0]["role"] = "all_data_ssl"
        with pytest.raises(ValueError):
>           inventory.reserved_groups(document, evidence="REAL_TRAIN_DEVELOPMENT_FIT")
            ^^^^^^^^^^^^^^^^^^^^^^^^^
E           AttributeError: module 'marine_echo.evaluation.native_ancestry_inventory' has no attribute 'reserved_groups'

tests\unit\test_native_inventory_reserved_split.py:43: AttributeError
__________ test_reserved_identity_corruption_rejected[unknown_role] ___________

defect = 'unknown_role'

    @pytest.mark.parametrize("defect", ["train_row_count_as_archive", "heldout_site_leak", "duplicate_archive", "missing_role", "unknown_role"])
    def test_reserved_identity_corruption_rejected(defect):
        document = split()
        if defect == "train_row_count_as_archive":
            document["sources"][0]["file_id"] = 18593
        elif defect == "heldout_site_leak":
            heldout = next(source for source in document["sources"] if source["role"] == "final_test")
            document["sources"][0]["site"] = heldout["site"]
        elif defect == "duplicate_archive":
            document["sources"][1]["archive_sha256"] = document["sources"][0]["archive_sha256"]
        elif defect == "missing_role":
            document["sources"] = [source for source in document["sources"] if source["role"] != "development"]
        else:
            document["sources"][0]["role"] = "all_data_ssl"
        with pytest.raises(ValueError):
>           inventory.reserved_groups(document, evidence="REAL_TRAIN_DEVELOPMENT_FIT")
            ^^^^^^^^^^^^^^^^^^^^^^^^^
E           AttributeError: module 'marine_echo.evaluation.native_ancestry_inventory' has no attribute 'reserved_groups'

tests\unit\test_native_inventory_reserved_split.py:43: AttributeError
=========================== short test summary info ===========================
FAILED tests/unit/test_native_inventory_reserved_split.py::test_original_native_split_preserves_whole_site_final_test_and_four_train_archives
FAILED tests/unit/test_native_inventory_reserved_split.py::test_reserved_identity_corruption_rejected[train_row_count_as_archive]
FAILED tests/unit/test_native_inventory_reserved_split.py::test_reserved_identity_corruption_rejected[heldout_site_leak]
FAILED tests/unit/test_native_inventory_reserved_split.py::test_reserved_identity_corruption_rejected[duplicate_archive]
FAILED tests/unit/test_native_inventory_reserved_split.py::test_reserved_identity_corruption_rejected[missing_role]
FAILED tests/unit/test_native_inventory_reserved_split.py::test_reserved_identity_corruption_rejected[unknown_role]
6 failed in 1.15s
