Using CPython 3.12.13
Creating virtual environment at: .venv
Activate with: .venv\Scripts\activate
Resolved 13 packages in 122ms
Prepared 13 packages in 810ms
Installed 13 packages in 862ms
 + annotated-doc==0.0.5
 + annotated-types==0.8.0
 + anyio==4.15.1
 + click==8.5.0
 + fastapi==0.141.1
 + h11==0.16.0
 + idna==3.20
 + pydantic==2.13.5
 + pydantic-core==2.46.5
 + starlette==1.7.0
 + typing-extensions==4.16.0
 + typing-inspection==0.4.4
 + uvicorn==0.54.0
INFO:     Started server process [32600]
INFO:     Waiting for application startup.
INFO:     Application startup complete.
INFO:     Uvicorn running on http://127.0.0.1:8784 (Press CTRL+C to quit)
