Using CPython 3.12.13
Creating virtual environment at: .venv
Activate with: .venv\Scripts\activate
All packaged file hashes verified.
Resolved 22 packages in 60ms
Prepared 22 packages in 3.37s
Installed 22 packages in 4.78s
 + annotated-doc==0.0.5
 + annotated-types==0.8.0
 + anyio==4.15.1
 + click==8.5.0
 + colorama==0.4.6
 + fastapi==0.141.1
 + h11==0.16.0
 + idna==3.20
 + markdown-it-py==4.2.0
 + mdurl==0.1.2
 + numpy==2.5.3
 + psutil==7.2.2
 + pydantic==2.13.5
 + pydantic-core==2.46.5
 + pygments==2.21.0
 + rich==15.0.0
 + shellingham==1.5.4
 + starlette==1.7.0
 + typer==0.27.2
 + typing-extensions==4.16.0
 + typing-inspection==0.4.4
 + uvicorn==0.54.0
Marine Echo JEPA: http://127.0.0.1:8768 (engineering diagnostic; forecasts unavailable)
