Windows fatal exception: code 0x8007000e

Thread 0x000031f0 (most recent call first):
  File "C:\Users\\xc1lvaro Schwiedop\AppData\Roaming\uv\python\cpython-3.12-windows-x86_64-none\Lib\platform.py", line 327 in _wmi_query
  File "C:\Users\\xc1lvaro Schwiedop\AppData\Roaming\uv\python\cpython-3.12-windows-x86_64-none\Lib\platform.py", line 776 in _get_machine_win32
  File "C:\Users\\xc1lvaro Schwiedop\AppData\Roaming\uv\python\cpython-3.12-windows-x86_64-none\Lib\platform.py", line 923 in uname
  File "C:\Users\\xc1lvaro Schwiedop\AppData\Roaming\uv\python\cpython-3.12-windows-x86_64-none\Lib\platform.py", line 1024 in machine
  File "C:\Users\\xc1lvaro Schwiedop\Desktop\KriptaStudios\marine-echo-jepa\.venv\Lib\site-packages\torch\__init__.py", line 244 in _load_dll_libraries
  File "C:\Users\\xc1lvaro Schwiedop\Desktop\KriptaStudios\marine-echo-jepa\.venv\Lib\site-packages\torch\__init__.py", line 285 in <module>
  File "<frozen importlib._bootstrap>", line 488 in _call_with_frames_removed
  File "<frozen importlib._bootstrap_external>", line 999 in exec_module
  File "<frozen importlib._bootstrap>", line 935 in _load_unlocked
  File "<frozen importlib._bootstrap>", line 1331 in _find_and_load_unlocked
  File "<frozen importlib._bootstrap>", line 1360 in _find_and_load
  File "C:\Users\\xc1lvaro Schwiedop\Desktop\KriptaStudios\marine-echo-jepa\tests\unit\test_native_prefix_matched_transfer_v4.py", line 8 in <module>
  File "C:\Users\\xc1lvaro Schwiedop\Desktop\KriptaStudios\marine-echo-jepa\.venv\Lib\site-packages\_pytest\assertion\rewrite.py", line 188 in exec_module
  File "C:\Users\\xc1lvaro Schwiedop\Desktop\KriptaStudios\marine-echo-jepa\.venv\Lib\site-packages\_pytest\pathlib.py", line 716 in _import_module_using_spec
  File "C:\Users\\xc1lvaro Schwiedop\Desktop\KriptaStudios\marine-echo-jepa\.venv\Lib\site-packages\_pytest\pathlib.py", line 572 in import_path
  File "C:\Users\\xc1lvaro Schwiedop\Desktop\KriptaStudios\marine-echo-jepa\.venv\Lib\site-packages\_pytest\python.py", line 508 in importtestmodule
  File "C:\Users\\xc1lvaro Schwiedop\Desktop\KriptaStudios\marine-echo-jepa\.venv\Lib\site-packages\_pytest\python.py", line 561 in _getobj
  File "C:\Users\\xc1lvaro Schwiedop\Desktop\KriptaStudios\marine-echo-jepa\.venv\Lib\site-packages\_pytest\python.py", line 290 in obj
  File "C:\Users\\xc1lvaro Schwiedop\Desktop\KriptaStudios\marine-echo-jepa\.venv\Lib\site-packages\_pytest\python.py", line 577 in _register_setup_module_fixture
  File "C:\Users\\xc1lvaro Schwiedop\Desktop\KriptaStudios\marine-echo-jepa\.venv\Lib\site-packages\_pytest\python.py", line 564 in collect
  File "C:\Users\\xc1lvaro Schwiedop\Desktop\KriptaStudios\marine-echo-jepa\.venv\Lib\site-packages\_pytest\runner.py", line 406 in collect
  File "C:\Users\\xc1lvaro Schwiedop\Desktop\KriptaStudios\marine-echo-jepa\.venv\Lib\site-packages\_pytest\runner.py", line 361 in from_call
  File "C:\Users\\xc1lvaro Schwiedop\Desktop\KriptaStudios\marine-echo-jepa\.venv\Lib\site-packages\_pytest\runner.py", line 408 in pytest_make_collect_report
  File "C:\Users\\xc1lvaro Schwiedop\Desktop\KriptaStudios\marine-echo-jepa\.venv\Lib\site-packages\pluggy\_callers.py", line 121 in _multicall
  File "C:\Users\\xc1lvaro Schwiedop\Desktop\KriptaStudios\marine-echo-jepa\.venv\Lib\site-packages\pluggy\_manager.py", line 120 in _hookexec
  File "C:\Users\\xc1lvaro Schwiedop\Desktop\KriptaStudios\marine-echo-jepa\.venv\Lib\site-packages\pluggy\_hooks.py", line 512 in __call__
  File "C:\Users\\xc1lvaro Schwiedop\Desktop\KriptaStudios\marine-echo-jepa\.venv\Lib\site-packages\_pytest\runner.py", line 589 in collect_one_node
  File "C:\Users\\xc1lvaro Schwiedop\Desktop\KriptaStudios\marine-echo-jepa\.venv\Lib\site-packages\_pytest\main.py", line 895 in _collect_one_node
  File "C:\Users\\xc1lvaro Schwiedop\Desktop\KriptaStudios\marine-echo-jepa\.venv\Lib\site-packages\_pytest\main.py", line 1032 in genitems
  File "C:\Users\\xc1lvaro Schwiedop\Desktop\KriptaStudios\marine-echo-jepa\.venv\Lib\site-packages\_pytest\main.py", line 869 in perform_collect
  File "C:\Users\\xc1lvaro Schwiedop\Desktop\KriptaStudios\marine-echo-jepa\.venv\Lib\site-packages\_pytest\main.py", line 394 in pytest_collection
  File "C:\Users\\xc1lvaro Schwiedop\Desktop\KriptaStudios\marine-echo-jepa\.venv\Lib\site-packages\pluggy\_callers.py", line 121 in _multicall
  File "C:\Users\\xc1lvaro Schwiedop\Desktop\KriptaStudios\marine-echo-jepa\.venv\Lib\site-packages\pluggy\_manager.py", line 120 in _hookexec
  File "C:\Users\\xc1lvaro Schwiedop\Desktop\KriptaStudios\marine-echo-jepa\.venv\Lib\site-packages\pluggy\_hooks.py", line 512 in __call__
  File "C:\Users\\xc1lvaro Schwiedop\Desktop\KriptaStudios\marine-echo-jepa\.venv\Lib\site-packages\_pytest\main.py", line 383 in _main
  File "C:\Users\\xc1lvaro Schwiedop\Desktop\KriptaStudios\marine-echo-jepa\.venv\Lib\site-packages\_pytest\main.py", line 330 in wrap_session
  File "C:\Users\\xc1lvaro Schwiedop\Desktop\KriptaStudios\marine-echo-jepa\.venv\Lib\site-packages\_pytest\main.py", line 377 in pytest_cmdline_main
  File "C:\Users\\xc1lvaro Schwiedop\Desktop\KriptaStudios\marine-echo-jepa\.venv\Lib\site-packages\pluggy\_callers.py", line 121 in _multicall
  File "C:\Users\\xc1lvaro Schwiedop\Desktop\KriptaStudios\marine-echo-jepa\.venv\Lib\site-packages\pluggy\_manager.py", line 120 in _hookexec
  File "C:\Users\\xc1lvaro Schwiedop\Desktop\KriptaStudios\marine-echo-jepa\.venv\Lib\site-packages\pluggy\_hooks.py", line 512 in __call__
  File "C:\Users\\xc1lvaro Schwiedop\Desktop\KriptaStudios\marine-echo-jepa\.venv\Lib\site-packages\_pytest\config\__init__.py", line 229 in _main
  File "C:\Users\\xc1lvaro Schwiedop\Desktop\KriptaStudios\marine-echo-jepa\.venv\Lib\site-packages\_pytest\config\__init__.py", line 253 in _console_main
  File "C:\Users\\xc1lvaro Schwiedop\Desktop\KriptaStudios\marine-echo-jepa\.venv\Lib\site-packages\pytest\__main__.py", line 9 in <module>
  File "<frozen runpy>", line 88 in _run_code
  File "<frozen runpy>", line 198 in _run_module_as_main
................................Windows fatal exception: code 0xc000070a

Thread 0x0000dcc8 (most recent call first):
  <no Python frame>

Thread 0x000031f0 (most recent call first):
  File "<frozen importlib._bootstrap_external>", line 161 in _path_join
  File "<frozen importlib._bootstrap_external>", line 1639 in find_spec
