FF                                                                       [100%]
================================== FAILURES ===================================
_ test_production_transport_calls_match_verified_codec_interfaces[write_source_products] _

helper = 'write_source_products'

    @pytest.mark.parametrize("helper", ["write_source_products", "_cohort"])
    def test_production_transport_calls_match_verified_codec_interfaces(helper):
        """Validate unexecuted public worker wiring against real private-tested codecs."""
        import ast
        import inspect
    
        tree = ast.parse(inspect.getsource(candidate.materialize))
        calls = [
            node for node in ast.walk(tree)
            if isinstance(node, ast.Call) and isinstance(node.func, ast.Name) and node.func.id == helper
        ]
        assert calls
        signature = inspect.signature(getattr(candidate, helper))
        for call in calls:
>           signature.bind(
                *[object() for _ in call.args],
                **{keyword.arg: object() for keyword in call.keywords},
            )

tests\unit\test_native_transfer_corpus.py:311: 
_ _ _ _ _ _ _ _ _ _ _ _ _ _ _ _ _ _ _ _ _ _ _ _ _ _ _ _ _ _ _ _ _ _ _ _ _ _ _ _
..\..\..\AppData\Roaming\uv\python\cpython-3.12-windows-x86_64-none\Lib\inspect.py:3280: in bind
    return self._bind(args, kwargs)
           ^^^^^^^^^^^^^^^^^^^^^^^^
_ _ _ _ _ _ _ _ _ _ _ _ _ _ _ _ _ _ _ _ _ _ _ _ _ _ _ _ _ _ _ _ _ _ _ _ _ _ _ _

self = <Signature (directory, arrays, bundle, source, split_hash, *, evidence_kind)>
args = (<object object at 0x000001B92A450F40>, <object object at 0x000001B92A450F50>, <object object at 0x000001B92A450F60>, <object object at 0x000001B92A450F70>, <object object at 0x000001B92A450F80>)
kwargs = {}, partial = False

    def _bind(self, args, kwargs, *, partial=False):
        """Private method. Don't use directly."""
    
        arguments = {}
    
        parameters = iter(self.parameters.values())
        parameters_ex = ()
        arg_vals = iter(args)
    
        pos_only_param_in_kwargs = []
    
        while True:
            # Let's iterate through the positional arguments and corresponding
            # parameters
            try:
                arg_val = next(arg_vals)
            except StopIteration:
                # No more positional arguments
                try:
                    param = next(parameters)
                except StopIteration:
                    # No more parameters. That's it. Just need to check that
                    # we have no `kwargs` after this while loop
                    break
                else:
                    if param.kind == _VAR_POSITIONAL:
                        # That's OK, just empty *args.  Let's start parsing
                        # kwargs
                        break
                    elif param.name in kwargs:
                        if param.kind == _POSITIONAL_ONLY:
                            if param.default is _empty:
                                msg = f'missing a required positional-only argument: {param.name!r}'
                                raise TypeError(msg)
                            # Raise a TypeError once we are sure there is no
                            # **kwargs param later.
                            pos_only_param_in_kwargs.append(param)
                            continue
                        parameters_ex = (param,)
                        break
                    elif (param.kind == _VAR_KEYWORD or
                                                param.default is not _empty):
                        # That's fine too - we have a default value for this
                        # parameter.  So, lets start parsing `kwargs`, starting
                        # with the current parameter
                        parameters_ex = (param,)
                        break
                    else:
                        # No default, not VAR_KEYWORD, not VAR_POSITIONAL,
                        # not in `kwargs`
                        if partial:
                            parameters_ex = (param,)
                            break
                        else:
                            if param.kind == _KEYWORD_ONLY:
                                argtype = ' keyword-only'
                            else:
                                argtype = ''
                            msg = 'missing a required{argtype} argument: {arg!r}'
                            msg = msg.format(arg=param.name, argtype=argtype)
>                           raise TypeError(msg) from None
E                           TypeError: missing a required keyword-only argument: 'evidence_kind'

..\..\..\AppData\Roaming\uv\python\cpython-3.12-windows-x86_64-none\Lib\inspect.py:3193: TypeError
__ test_production_transport_calls_match_verified_codec_interfaces[_cohort] ___

helper = '_cohort'

    @pytest.mark.parametrize("helper", ["write_source_products", "_cohort"])
    def test_production_transport_calls_match_verified_codec_interfaces(helper):
        """Validate unexecuted public worker wiring against real private-tested codecs."""
        import ast
        import inspect
    
        tree = ast.parse(inspect.getsource(candidate.materialize))
        calls = [
            node for node in ast.walk(tree)
            if isinstance(node, ast.Call) and isinstance(node.func, ast.Name) and node.func.id == helper
        ]
        assert calls
        signature = inspect.signature(getattr(candidate, helper))
        for call in calls:
>           signature.bind(
                *[object() for _ in call.args],
                **{keyword.arg: object() for keyword in call.keywords},
            )

tests\unit\test_native_transfer_corpus.py:311: 
_ _ _ _ _ _ _ _ _ _ _ _ _ _ _ _ _ _ _ _ _ _ _ _ _ _ _ _ _ _ _ _ _ _ _ _ _ _ _ _
..\..\..\AppData\Roaming\uv\python\cpython-3.12-windows-x86_64-none\Lib\inspect.py:3280: in bind
    return self._bind(args, kwargs)
           ^^^^^^^^^^^^^^^^^^^^^^^^
_ _ _ _ _ _ _ _ _ _ _ _ _ _ _ _ _ _ _ _ _ _ _ _ _ _ _ _ _ _ _ _ _ _ _ _ _ _ _ _

self = <Signature (arrays, sources, role, evidence, digest, split_hash)>
args = (<object object at 0x000001B92A452F40>, <object object at 0x000001B92A452F20>, <object object at 0x000001B92A452F10>, <object object at 0x000001B92A452F70>, <object object at 0x000001B92A452F90>, <object object at 0x000001B92A452F80>)
kwargs = {'evidence_kind': <object object at 0x000001B92A452F60>}
partial = False

    def _bind(self, args, kwargs, *, partial=False):
        """Private method. Don't use directly."""
    
        arguments = {}
    
        parameters = iter(self.parameters.values())
        parameters_ex = ()
        arg_vals = iter(args)
    
        pos_only_param_in_kwargs = []
    
        while True:
            # Let's iterate through the positional arguments and corresponding
            # parameters
            try:
                arg_val = next(arg_vals)
            except StopIteration:
                # No more positional arguments
                try:
                    param = next(parameters)
                except StopIteration:
                    # No more parameters. That's it. Just need to check that
                    # we have no `kwargs` after this while loop
                    break
                else:
                    if param.kind == _VAR_POSITIONAL:
                        # That's OK, just empty *args.  Let's start parsing
                        # kwargs
                        break
                    elif param.name in kwargs:
                        if param.kind == _POSITIONAL_ONLY:
                            if param.default is _empty:
                                msg = f'missing a required positional-only argument: {param.name!r}'
                                raise TypeError(msg)
                            # Raise a TypeError once we are sure there is no
                            # **kwargs param later.
                            pos_only_param_in_kwargs.append(param)
                            continue
                        parameters_ex = (param,)
                        break
                    elif (param.kind == _VAR_KEYWORD or
                                                param.default is not _empty):
                        # That's fine too - we have a default value for this
                        # parameter.  So, lets start parsing `kwargs`, starting
                        # with the current parameter
                        parameters_ex = (param,)
                        break
                    else:
                        # No default, not VAR_KEYWORD, not VAR_POSITIONAL,
                        # not in `kwargs`
                        if partial:
                            parameters_ex = (param,)
                            break
                        else:
                            if param.kind == _KEYWORD_ONLY:
                                argtype = ' keyword-only'
                            else:
                                argtype = ''
                            msg = 'missing a required{argtype} argument: {arg!r}'
                            msg = msg.format(arg=param.name, argtype=argtype)
                            raise TypeError(msg) from None
            else:
                # We have a positional argument to process
                try:
                    param = next(parameters)
                except StopIteration:
                    raise TypeError('too many positional arguments') from None
                else:
                    if param.kind in (_VAR_KEYWORD, _KEYWORD_ONLY):
                        # Looks like we have no parameter for this positional
                        # argument
                        raise TypeError(
                            'too many positional arguments') from None
    
                    if param.kind == _VAR_POSITIONAL:
                        # We have an '*args'-like argument, let's fill it with
                        # all positional arguments we have left and move on to
                        # the next phase
                        values = [arg_val]
                        values.extend(arg_vals)
                        arguments[param.name] = tuple(values)
                        break
    
                    if param.name in kwargs and param.kind != _POSITIONAL_ONLY:
                        raise TypeError(
                            'multiple values for argument {arg!r}'.format(
                                arg=param.name)) from None
    
                    arguments[param.name] = arg_val
    
        # Now, we iterate through the remaining parameters to process
        # keyword arguments
        kwargs_param = None
        for param in itertools.chain(parameters_ex, parameters):
            if param.kind == _VAR_KEYWORD:
                # Memorize that we have a '**kwargs'-like parameter
                kwargs_param = param
                continue
    
            if param.kind == _VAR_POSITIONAL:
                # Named arguments don't refer to '*args'-like parameters.
                # We only arrive here if the positional arguments ended
                # before reaching the last parameter before *args.
                continue
    
            param_name = param.name
            try:
                arg_val = kwargs.pop(param_name)
            except KeyError:
                # We have no value for this parameter.  It's fine though,
                # if it has a default value, or it is an '*args'-like
                # parameter, left alone by the processing of positional
                # arguments.
                if (not partial and param.kind != _VAR_POSITIONAL and
                                                    param.default is _empty):
                    raise TypeError('missing a required argument: {arg!r}'. \
                                    format(arg=param_name)) from None
    
            else:
                arguments[param_name] = arg_val
    
        if kwargs:
            if kwargs_param is not None:
                # Process our '**kwargs'-like parameter
                arguments[kwargs_param.name] = kwargs
            elif pos_only_param_in_kwargs:
                raise TypeError(
                    'got some positional-only arguments passed as '
                    'keyword arguments: {arg!r}'.format(
                        arg=', '.join(
                            param.name
                            for param in pos_only_param_in_kwargs
                        ),
                    ),
                )
            else:
>               raise TypeError(
                    'got an unexpected keyword argument {arg!r}'.format(
                        arg=next(iter(kwargs))))
E               TypeError: got an unexpected keyword argument 'evidence_kind'

..\..\..\AppData\Roaming\uv\python\cpython-3.12-windows-x86_64-none\Lib\inspect.py:3269: TypeError
=========================== short test summary info ===========================
FAILED tests/unit/test_native_transfer_corpus.py::test_production_transport_calls_match_verified_codec_interfaces[write_source_products]
FAILED tests/unit/test_native_transfer_corpus.py::test_production_transport_calls_match_verified_codec_interfaces[_cohort]
2 failed, 28 deselected in 3.30s
