{
  "status": "CLOSED_ENGINEERING_DELIVERY",
  "authored": {
    "src/marine_echo/evaluation/native_prefix_suffix_assessment_v1.py": "3d31725f753679e5d30467ec173b4b1614b94057382789dfb8a05f418e629dae",
    "src/marine_echo/training/native_prefix_matched_transfer_v4.py": "29613d837b60b88fae3c74b9d0865241d47973d303c78b173feb8cd827c9a822",
    "tests/integration/test_native_prefix_matched_transfer_v4.py": "0720f2b06170acb126c37324ea9d5e2dc5afe09da058d58369f85b42a28d1166",
    "tests/integration/test_native_prefix_suffix_assessment_v1.py": "77372fb4dc4a361946d4281104830d7b4dc46e3220e59e0aa6c3b2d46d797d6a",
    "tests/unit/test_native_prefix_matched_transfer_v4.py": "f34c148b85f457b94eaf8d10ef75ccae20f3b251be9ea91c00725c327ac55851",
    "tests/unit/test_native_prefix_suffix_assessment_v1.py": "42d5a9f9c6efe2b72cb4224571742ca8679b522fcb16da2372f154bbcb051fd5"
  },
  "report": {
    "path": "C:\\Users\\\u00c1lvaro Schwiedop\\Desktop\\KriptaStudios\\marine-jepa-vnext-builder\\evidence\\ssl-transfer-integration-builder-v1\\IMPLEMENTATION_REPORT_V1.md",
    "sha256": "891c0064330db88179645d36046b8955078d8426e0ff466d1a01138593b85c67"
  },
  "handoff": {
    "path": "C:\\Users\\\u00c1lvaro Schwiedop\\Desktop\\KriptaStudios\\marine-jepa-vnext-builder\\evidence\\ssl-transfer-integration-builder-v1\\handoff-v1.json",
    "sha256": "ae2566a6da744c5c87b9e99d371fcf28d768bb5657653f108f80d16476e87ffb"
  },
  "parameter_counts": {
    "shared": {
      "encoder": 2424448,
      "head": 5189,
      "total": 2429637,
      "original_tensor_shapes_equal": true
    },
    "cf": {
      "encoder": 412800,
      "head": 18565,
      "total": 431365,
      "original_tensor_shapes_equal": true
    }
  }
}
