FF                                                                       [100%]
================================== FAILURES ===================================
__________ test_distinct_suffix_adapter_and_no_zero_shot_kind_alias ___________
tests\unit\test_native_prefix_suffix_assessment_v1.py:12: in test_distinct_suffix_adapter_and_no_zero_shot_kind_alias
    module = importlib.import_module("marine_echo.evaluation.native_prefix_suffix_assessment_v1")
             ^^^^^^^^^^^^^^^^^^^^^^^^^^^^^^^^^^^^^^^^^^^^^^^^^^^^^^^^^^^^^^^^^^^^^^^^^^^^^^^^^^^^
..\..\..\AppData\Roaming\uv\python\cpython-3.12-windows-x86_64-none\Lib\importlib\__init__.py:90: in import_module
    return _bootstrap._gcd_import(name[level:], package, level)
           ^^^^^^^^^^^^^^^^^^^^^^^^^^^^^^^^^^^^^^^^^^^^^^^^^^^^
<frozen importlib._bootstrap>:1387: in _gcd_import
    ???
<frozen importlib._bootstrap>:1360: in _find_and_load
    ???
<frozen importlib._bootstrap>:1324: in _find_and_load_unlocked
    ???
E   ModuleNotFoundError: No module named 'marine_echo.evaluation.native_prefix_suffix_assessment_v1'
______________ test_missing_approval_precedes_all_numeric_decode ______________
tests\unit\test_native_prefix_suffix_assessment_v1.py:18: in test_missing_approval_precedes_all_numeric_decode
    module = importlib.import_module("marine_echo.evaluation.native_prefix_suffix_assessment_v1")
             ^^^^^^^^^^^^^^^^^^^^^^^^^^^^^^^^^^^^^^^^^^^^^^^^^^^^^^^^^^^^^^^^^^^^^^^^^^^^^^^^^^^^
..\..\..\AppData\Roaming\uv\python\cpython-3.12-windows-x86_64-none\Lib\importlib\__init__.py:90: in import_module
    return _bootstrap._gcd_import(name[level:], package, level)
           ^^^^^^^^^^^^^^^^^^^^^^^^^^^^^^^^^^^^^^^^^^^^^^^^^^^^
<frozen importlib._bootstrap>:1387: in _gcd_import
    ???
<frozen importlib._bootstrap>:1360: in _find_and_load
    ???
<frozen importlib._bootstrap>:1324: in _find_and_load_unlocked
    ???
E   ModuleNotFoundError: No module named 'marine_echo.evaluation.native_prefix_suffix_assessment_v1'
=========================== short test summary info ===========================
FAILED tests/unit/test_native_prefix_suffix_assessment_v1.py::test_distinct_suffix_adapter_and_no_zero_shot_kind_alias
FAILED tests/unit/test_native_prefix_suffix_assessment_v1.py::test_missing_approval_precedes_all_numeric_decode
2 failed in 1.93s
